******************************************************************************
                  MSP430 Linker Unix v4.4.7                    
******************************************************************************
>> Linked Mon Mar  7 16:20:53 2016

OUTPUT FILE NAME:   <M906V1.out>
ENTRY POINT SYMBOL: "_c_int00_noargs_noexit"  address: 0000758e


MEMORY CONFIGURATION

         name            origin    length      used     unused   attr    fill
----------------------  --------  ---------  --------  --------  ----  --------
  TINYRAM               00000006   0000001a  00000000  0000001a  RWIX
  PERIPHERALS_8BIT      00000020   000000e0  00000000  000000e0  RWIX
  PERIPHERALS_16BIT     00000100   00000100  00000000  00000100  RWIX
  INFOD                 00001800   00000080  00000000  00000080  RWIX
  INFOC                 00001880   00000080  00000000  00000080  RWIX
  INFOB                 00001900   00000080  00000000  00000080  RWIX
  INFOA                 00001980   00000080  00000000  00000080  RWIX
  RAM                   00001c00   00000800  00000000  00000800  RWIX
  FRAM                  00004400   0000bb80  0000461e  00007562  RWIX
  JTAGSIGNATURE         0000ff80   00000004  00000004  00000000  RWIX  ffff 
  BSLSIGNATURE          0000ff84   00000004  00000004  00000000  RWIX  ffff 
  IPESIGNATURE          0000ff88   00000008  00000008  00000000  RWIX  ffff 
  INT00                 0000ff90   00000002  00000000  00000002  RWIX
  INT01                 0000ff92   00000002  00000000  00000002  RWIX
  INT02                 0000ff94   00000002  00000000  00000002  RWIX
  INT03                 0000ff96   00000002  00000000  00000002  RWIX
  INT04                 0000ff98   00000002  00000000  00000002  RWIX
  INT05                 0000ff9a   00000002  00000000  00000002  RWIX
  INT06                 0000ff9c   00000002  00000000  00000002  RWIX
  INT07                 0000ff9e   00000002  00000000  00000002  RWIX
  INT08                 0000ffa0   00000002  00000000  00000002  RWIX
  INT09                 0000ffa2   00000002  00000000  00000002  RWIX
  INT10                 0000ffa4   00000002  00000000  00000002  RWIX
  INT11                 0000ffa6   00000002  00000000  00000002  RWIX
  INT12                 0000ffa8   00000002  00000000  00000002  RWIX
  INT13                 0000ffaa   00000002  00000000  00000002  RWIX
  INT14                 0000ffac   00000002  00000000  00000002  RWIX
  INT15                 0000ffae   00000002  00000000  00000002  RWIX
  INT16                 0000ffb0   00000002  00000000  00000002  RWIX
  INT17                 0000ffb2   00000002  00000000  00000002  RWIX
  INT18                 0000ffb4   00000002  00000000  00000002  RWIX
  INT19                 0000ffb6   00000002  00000000  00000002  RWIX
  INT20                 0000ffb8   00000002  00000000  00000002  RWIX
  INT21                 0000ffba   00000002  00000000  00000002  RWIX
  INT22                 0000ffbc   00000002  00000000  00000002  RWIX
  INT23                 0000ffbe   00000002  00000000  00000002  RWIX
  INT24                 0000ffc0   00000002  00000000  00000002  RWIX
  INT25                 0000ffc2   00000002  00000000  00000002  RWIX
  INT26                 0000ffc4   00000002  00000000  00000002  RWIX
  INT27                 0000ffc6   00000002  00000002  00000000  RWIX
  INT28                 0000ffc8   00000002  00000002  00000000  RWIX
  INT29                 0000ffca   00000002  00000002  00000000  RWIX
  INT30                 0000ffcc   00000002  00000002  00000000  RWIX
  INT31                 0000ffce   00000002  00000002  00000000  RWIX
  INT32                 0000ffd0   00000002  00000002  00000000  RWIX
  INT33                 0000ffd2   00000002  00000002  00000000  RWIX
  INT34                 0000ffd4   00000002  00000002  00000000  RWIX
  INT35                 0000ffd6   00000002  00000002  00000000  RWIX
  INT36                 0000ffd8   00000002  00000002  00000000  RWIX
  INT37                 0000ffda   00000002  00000002  00000000  RWIX
  INT38                 0000ffdc   00000002  00000002  00000000  RWIX
  INT39                 0000ffde   00000002  00000002  00000000  RWIX
  INT40                 0000ffe0   00000002  00000002  00000000  RWIX
  INT41                 0000ffe2   00000002  00000002  00000000  RWIX
  INT42                 0000ffe4   00000002  00000002  00000000  RWIX
  INT43                 0000ffe6   00000002  00000002  00000000  RWIX
  INT44                 0000ffe8   00000002  00000002  00000000  RWIX
  INT45                 0000ffea   00000002  00000002  00000000  RWIX
  INT46                 0000ffec   00000002  00000002  00000000  RWIX
  INT47                 0000ffee   00000002  00000002  00000000  RWIX
  INT48                 0000fff0   00000002  00000002  00000000  RWIX
  INT49                 0000fff2   00000002  00000002  00000000  RWIX
  INT50                 0000fff4   00000002  00000002  00000000  RWIX
  INT51                 0000fff6   00000002  00000002  00000000  RWIX
  INT52                 0000fff8   00000002  00000002  00000000  RWIX
  INT53                 0000fffa   00000002  00000002  00000000  RWIX
  INT54                 0000fffc   00000002  00000002  00000000  RWIX
  RESET                 0000fffe   00000002  00000002  00000000  RWIX
  FRAM2                 00010000   00014000  0000621a  0000dde6  RWIX


SECTION ALLOCATION MAP

 output                                  attributes/
section   page    origin      length       input sections
--------  ----  ----------  ----------   ----------------
.TI.persistent 
*          0    00004400    00000000     UNINITIALIZED

.cio       0    00004400    00000000     UNINITIALIZED

.sysmem    0    00004400    00001b58     UNINITIALIZED
                  00004400    00000006     rts430x_lc_rd_eabi.lib : memory.obj (.sysmem)
                  00004406    00001b52     --HOLE--

.ipestruct 
*          0    00004400    00000000     UNINITIALIZED

.ipe       0    00004400    00000000     UNINITIALIZED

.ipe:_isr 
*          0    00004400    00000000     UNINITIALIZED

.data      0    00006fa0    0000032e     UNINITIALIZED
                  00006fa0    00000100     crcutil.obj (.data:dscrc_table)
                  000070a0    000000c8     rts430x_lc_rd_eabi.lib : defs.obj (.data:_ftable)
                  00007168    000000b0                            : signal.obj (.data:sigtable)
                  00007218    00000080                            : xvalues.obj (.data)
                  00007298    00000018     util_log.obj (.data)
                  000072b0    00000008     rts430x_lc_rd_eabi.lib : feraiseexcept.obj (.data)
                  000072b8    00000004                            : _lock.obj (.data:_lock)
                  000072bc    00000004                            : _lock.obj (.data:_unlock)
                  000072c0    00000004     main.obj (.data)
                  000072c4    00000004     owllu.obj (.data)
                  000072c8    00000002     owerr.obj (.data)
                  000072ca    00000002     rts430x_lc_rd_eabi.lib : errno.obj (.data)
                  000072cc    00000002                            : memory.obj (.data)

.cinit     0    000088a0    0000017e     
                  000088a0    0000015b     (.cinit..data.load) [load image, compression = rle]
                  000089fb    00000001     --HOLE-- [fill = 0]
                  000089fc    0000000c     (__TI_handler_table)
                  00008a08    00000006     (.cinit..bss.load) [load image, compression = zero_init]
                  00008a0e    00000010     (__TI_cinit_table)

.init_array 
*          0    00004400    00000000     UNINITIALIZED

.text:_isr 
*          0    0000756c    00000042     
                  0000756c    00000022     ow_lnk.obj (.text:_isr:USCI_A0_ISR)
                  0000758e    0000001a     rts430x_lc_rd_eabi.lib : boot_special.obj (.text:_isr:_c_int00_noargs_noexit)
                  000075a8    00000006                            : isr_trap.obj (.text:_isr:__TI_ISR_TRAP)

.bss       0    000072ce    0000029e     UNINITIALIZED
                  000072ce    000000c9     (.common:g)
                  00007397    00000001     --HOLE--
                  00007398    00000080     (.common:SerialNum)
                  00007418    00000020     (.common:LastDiscrepancy)
                  00007438    00000020     (.common:LastFamilyDiscrepancy)
                  00007458    00000020     (.common:ProgramAvailable)
                  00007478    00000020     (.common:UBaud)
                  00007498    00000020     (.common:ULevel)
                  000074b8    00000020     (.common:UMode)
                  000074d8    00000020     (.common:USpeed)
                  000074f8    00000020     (.common:UVersion)
                  00007518    00000014     (.common:owErrorStack)
                  0000752c    00000012     (.common:pool$1)
                  0000753e    00000010     (.common:LastDevice)
                  0000754e    00000010     (.common:utilcrc8)
                  0000755e    00000004     (.common:curr_vla_pool)
                  00007562    00000004     (.common:sys_base)
                  00007566    00000004     (.common:sys_free)
                  0000756a    00000002     (.common:memsize)

.stack     0    00006000    00000fa0     UNINITIALIZED
                  00006000    00000004     rts430x_lc_rd_eabi.lib : boot.obj (.stack)
                  00006004    00000f9c     --HOLE--

$fill000   0    0000ff80    00000004     
                  0000ff80    00000004     --HOLE-- [fill = ffff]

$fill001   0    0000ff84    00000004     
                  0000ff84    00000004     --HOLE-- [fill = ffff]

$fill002   0    0000ff88    00000008     
                  0000ff88    00000008     --HOLE-- [fill = ffff]

AES256     0    0000ffc6    00000002     
                  0000ffc6    00000002     rts430x_lc_rd_eabi.lib : int27.obj (.int27)

RTC        0    0000ffc8    00000002     
                  0000ffc8    00000002     rts430x_lc_rd_eabi.lib : int28.obj (.int28)

LCD_C      0    0000ffca    00000002     
                  0000ffca    00000002     rts430x_lc_rd_eabi.lib : int29.obj (.int29)

PORT4      0    0000ffcc    00000002     
                  0000ffcc    00000002     rts430x_lc_rd_eabi.lib : int30.obj (.int30)

PORT3      0    0000ffce    00000002     
                  0000ffce    00000002     rts430x_lc_rd_eabi.lib : int31.obj (.int31)

TIMER3_A1 
*          0    0000ffd0    00000002     
                  0000ffd0    00000002     rts430x_lc_rd_eabi.lib : int32.obj (.int32)

TIMER3_A0 
*          0    0000ffd2    00000002     
                  0000ffd2    00000002     rts430x_lc_rd_eabi.lib : int33.obj (.int33)

PORT2      0    0000ffd4    00000002     
                  0000ffd4    00000002     rts430x_lc_rd_eabi.lib : int34.obj (.int34)

TIMER2_A1 
*          0    0000ffd6    00000002     
                  0000ffd6    00000002     rts430x_lc_rd_eabi.lib : int35.obj (.int35)

TIMER2_A0 
*          0    0000ffd8    00000002     
                  0000ffd8    00000002     rts430x_lc_rd_eabi.lib : int36.obj (.int36)

PORT1      0    0000ffda    00000002     
                  0000ffda    00000002     rts430x_lc_rd_eabi.lib : int37.obj (.int37)

TIMER1_A1 
*          0    0000ffdc    00000002     
                  0000ffdc    00000002     rts430x_lc_rd_eabi.lib : int38.obj (.int38)

TIMER1_A0 
*          0    0000ffde    00000002     
                  0000ffde    00000002     rts430x_lc_rd_eabi.lib : int39.obj (.int39)

DMA        0    0000ffe0    00000002     
                  0000ffe0    00000002     rts430x_lc_rd_eabi.lib : int40.obj (.int40)

USCI_B1    0    0000ffe2    00000002     
                  0000ffe2    00000002     rts430x_lc_rd_eabi.lib : int41.obj (.int41)

USCI_A1    0    0000ffe4    00000002     
                  0000ffe4    00000002     rts430x_lc_rd_eabi.lib : int42.obj (.int42)

TIMER0_A1 
*          0    0000ffe6    00000002     
                  0000ffe6    00000002     rts430x_lc_rd_eabi.lib : int43.obj (.int43)

TIMER0_A0 
*          0    0000ffe8    00000002     
                  0000ffe8    00000002     rts430x_lc_rd_eabi.lib : int44.obj (.int44)

ADC12      0    0000ffea    00000002     
                  0000ffea    00000002     rts430x_lc_rd_eabi.lib : int45.obj (.int45)

USCI_B0    0    0000ffec    00000002     
                  0000ffec    00000002     rts430x_lc_rd_eabi.lib : int46.obj (.int46)

USCI_A0    0    0000ffee    00000002     
                  0000ffee    00000002     ow_lnk.obj (.int47)

ESCAN_IF   0    0000fff0    00000002     
                  0000fff0    00000002     rts430x_lc_rd_eabi.lib : int48.obj (.int48)

WDT        0    0000fff2    00000002     
                  0000fff2    00000002     rts430x_lc_rd_eabi.lib : int49.obj (.int49)

TIMER0_B1 
*          0    0000fff4    00000002     
                  0000fff4    00000002     rts430x_lc_rd_eabi.lib : int50.obj (.int50)

TIMER0_B0 
*          0    0000fff6    00000002     
                  0000fff6    00000002     rts430x_lc_rd_eabi.lib : int51.obj (.int51)

COMP_E     0    0000fff8    00000002     
                  0000fff8    00000002     rts430x_lc_rd_eabi.lib : int52.obj (.int52)

UNMI       0    0000fffa    00000002     
                  0000fffa    00000002     rts430x_lc_rd_eabi.lib : int53.obj (.int53)

SYSNMI     0    0000fffc    00000002     
                  0000fffc    00000002     rts430x_lc_rd_eabi.lib : int54.obj (.int54)

.reset     0    0000fffe    00000002     
                  0000fffe    00000002     rts430x_lc_rd_eabi.lib : boot.obj (.reset)

.const     0    000075ae    000012f2     
                  000075ae    0000041e     drv_ds3234.obj (.const)
                  000079cc    0000041c     ow_lnk.obj (.const)
                  00007de8    0000040f     main.obj (.const)
                  000081f7    00000001     --HOLE-- [fill = 0]
                  000081f8    0000040c     bsp_pins.obj (.const:init_pin_table$1)
                  00008604    00000101     rts430x_lc_rd_eabi.lib : ctype.obj (.const:.string:_ctypes_)
                  00008705    00000001     --HOLE-- [fill = 0]
                  00008706    00000076     main.obj (.const:.string)
                  0000877c    00000036     rts430x_lc_rd_eabi.lib : vla_alloc.obj (.const:.string)
                  000087b2    00000032     util_log.obj (.const:.string)
                  000087e4    00000030     drv_logger.obj (.const:.string)
                  00008814    00000026     rts430x_lc_rd_eabi.lib : _printfi.obj (.const:.string)
                  0000883a    00000020     bsp_uart.obj (.const)
                  0000885a    0000001e     owllu.obj (.const:.string)
                  00008878    0000001c     gpio.obj (.const:GPIO_PORT_TO_BASE)
                  00008894    0000000c     util_log.obj (.const:LEVEL_STRINGS)

.text      0    00010000    0000621a     
                  00010000    00000452     rts430x_lc_rd_eabi.lib : frcdivd.obj (.text:__TI_frcdivd)
                  00010452    0000039a                            : div64u.obj (.text:__mspabi_divull)
                  000107ec    00000378     ownetu.obj (.text:owNext)
                  00010b64    000002e4     rts430x_lc_rd_eabi.lib : frcmpyd.obj (.text:__TI_frcmpyd)
                  00010e48    000002d8                            : addd.obj (.text:__mspabi_addd)
                  00011120    00000282                            : mpyd.obj (.text:__mspabi_mpyd)
                  000113a2    0000027c     bsp_pins.obj (.text:bsp_pin_set_alt_funct)
                  0001161e    00000262     rts430x_lc_rd_eabi.lib : _printfi.obj (.text:_setfield)
                  00011880    00000252                            : frcaddd.obj (.text:__TI_frcaddd)
                  00011ad2    00000222                            : divd.obj (.text:__mspabi_divd)
                  00011cf4    00000218                            : _printfi.obj (.text:_pproc_fgea)
                  00011f0c    00000218                            : _printfi.obj (.text:ecvt)
                  00012124    00000212                            : _printfi.obj (.text:acvt)
                  00012336    00000202                            : _printfi.obj (.text:__TI_printfi)
                  00012538    00000202                            : _printfi.obj (.text:fcvt)
                  0001273a    000001a8     owllu.obj (.text:owLevel)
                  000128e2    000001a4     rts430x_lc_rd_eabi.lib : _printfi.obj (.text:_pconv_e)
                  00012a86    0000019e                            : xdscale.obj (.text:_Dscale)
                  00012c24    00000198                            : vla_alloc.obj (.text:__vla_alloc)
                  00012dbc    00000196     main.obj (.text:report_1_wire_devices)
                  00012f52    00000188     rts430x_lc_rd_eabi.lib : _printfi.obj (.text:_getarg_diouxp)
                  000130da    0000017c     drv_ds3234.obj (.text:drv_rtc_read_time_date)
                  00013256    0000016e     rts430x_lc_rd_eabi.lib : _printfi.obj (.text:_pconv_a)
                  000133c4    00000160     ds2480ut.obj (.text:DS2480Detect)
                  00013524    00000148     rts430x_lc_rd_eabi.lib : _printfi.obj (.text:_pproc_diouxp)
                  0001366c    00000144                            : memory.obj (.text:realloc)
                  000137b0    00000124     owllu.obj (.text:owTouchReset)
                  000138d4    00000110     main.obj (.text:main)
                  000139e4    00000104     bsp_pins.obj (.text:bsp_pin_digital_write)
                  00013ae8    00000102     util_log.obj (.text:util_log)
                  00013bea    00000100     rts430x_lc_rd_eabi.lib : xdnorm.obj (.text:_Dnorm)
                  00013cea    000000fc                            : _printfi.obj (.text:_pconv_g)
                  00013de6    000000fa                            : _printfi.obj (.text:_pproc_fwp)
                  00013ee0    000000f2     mbnv.obj (.text:getSizeNV)
                  00013fd2    000000f0     mbnv.obj (.text:readNV)
                  000140c2    000000ec     bsp_pins.obj (.text:bsp_pin_set_mode)
                  000141ae    000000ec     owtrnu.obj (.text:owBlock)
                  0001429a    000000d8     rts430x_lc_rd_eabi.lib : cmpd.obj (.text:__mspabi_cmpd)
                  00014372    000000c6                            : vla_alloc.obj (.text:__vla_dealloc)
                  00014438    000000ba                            : memory.obj (.text:malloc)
                  000144f2    000000b4     bsp_pins.obj (.text:bsp_pin_digital_read)
                  000145a6    000000b2     rts430x_lc_rd_eabi.lib : renormd.obj (.text:__TI_renormd)
                  00014658    000000aa     ownetu.obj (.text:owAccess)
                  00014702    000000a8     rts430x_lc_rd_eabi.lib : vla_alloc.obj (.text:_Z21free_dead_allocationsPv)
                  000147aa    000000a8                            : _printfi.obj (.text:_pproc_str)
                  00014852    0000009e                            : _printfi.obj (.text:_ltostr)
                  000148f0    0000009a     eusci_a_uart.obj (.text:EUSCI_A_UART_init)
                  0001498a    00000094     rts430x_lc_rd_eabi.lib : fltlid.obj (.text:__mspabi_fltlid)
                  00014a1e    00000094                            : _printfi.obj (.text:_ecpy)
                  00014ab2    00000090                            : _printfi.obj (.text:_mcpy)
                  00014b42    00000090     mbnv.obj (.text:getStartingAddressNV)
                  00014bd2    0000008e     rts430x_lc_rd_eabi.lib : memory.obj (.text:free)
                  00014c60    00000088                            : _printfi.obj (.text:_div)
                  00014ce8    00000086     bsp_pins.obj (.text:bsp_pin_digital_toggle)
                  00014d6e    00000086     rts430x_lc_rd_eabi.lib : ldexp.obj (.text:ldexp)
                  00014df4    00000080                            : ltoa.obj (.text:ltoa)
                  00014e74    00000078                            : _printfi.obj (.text:_pconv_f)
                  00014eec    00000072     gpio.obj (.text:GPIO_setAsPeripheralModuleFunctionInputPin)
                  00014f5e    00000072     rts430x_lc_rd_eabi.lib : xdunscal.obj (.text:_Dunscale)
                  00014fd0    00000070     drv_ds3234.obj (.text:drv_rtc_init)
                  00015040    0000006c     rts430x_lc_rd_eabi.lib : autoinit_wdt.obj (.text:_auto_init_hold_wdt)
                  000150ac    00000068                            : copy_decompress_rle.obj (.text:__TI_decompress_rle_core)
                  00015114    00000066     cs.obj (.text:CS_initClockSignal)
                  0001517a    00000066     rts430x_lc_rd_eabi.lib : fixdli.obj (.text:__mspabi_fixdli)
                  000151e0    00000062                            : atoi.obj (.text:atoi)
                  00015242    00000062                            : snprintf.obj (.text:snprintf)
                  000152a4    00000060     ownetu.obj (.text:bitacc)
                  00015304    0000005c     drv_logger.obj (.text:get_time)
                  00015360    00000058     rts430x_lc_rd_eabi.lib : div32u.obj (.text)
                  000153b8    00000056     eusci_b_spi.obj (.text:EUSCI_B_SPI_initMaster)
                  0001540e    00000056     ownetu.obj (.text:owSerialNum)
                  00015464    00000056     rts430x_lc_rd_eabi.lib : vsnprintf.obj (.text:vsnprintf)
                  000154ba    00000052     bsp_uart.obj (.text:init_uart)
                  0001550c    00000050     rts430x_lc_rd_eabi.lib : xdclass.obj (.text:_Dclass)
                  0001555c    00000050                            : fprintf.obj (.text:fprintf)
                  000155ac    0000004e                            : _printfi.obj (.text:_fcpy)
                  000155fa    0000004a                            : printf.obj (.text:printf)
                  00015644    00000046     ow_lnk.obj (.text:OpenCOM)
                  0001568a    00000046     rts430x_lc_rd_eabi.lib : _printfi.obj (.text:_pproc_fflags)
                  000156d0    00000044                            : vla_alloc.obj (.text:_Z18init_curr_vla_poolv)
                  00015714    00000044                            : vla_alloc.obj (.text:_Z31increase_curr_vla_pool_capacityv)
                  00015758    00000044                            : sprintf.obj (.text:sprintf)
                  0001579c    00000042     main.obj (.text:abs_1_wire_find_devices)
                  000157de    00000042     rts430x_lc_rd_eabi.lib : frexp.obj (.text:frexp)
                  00015820    00000042                            : memory.obj (.text:minit)
                  00015862    00000040     eusci_a_uart.obj (.text:EUSCI_A_UART_transmitBreak)
                  000158a2    00000040     rts430x_lc_rd_eabi.lib : div32s.obj (.text)
                  000158e2    0000003e                            : _printfi.obj (.text:incr_hex)
                  00015920    0000003e                            : asr32.obj (.text:l_asr_const)
                  0001595e    0000003e                            : lsl32.obj (.text:l_lsl_const)
                  0001599c    0000003e                            : lsr32.obj (.text:l_lsr_const)
                  000159da    0000003c     bsp_uart.obj (.text:cout_data_channel)
                  00015a16    0000003c     bsp_uart.obj (.text:fputs)
                  00015a52    0000003a     cs.obj (.text:CS_turnOnLFXT)
                  00015a8c    0000003a     rts430x_lc_rd_eabi.lib : lsl64.obj (.text:__mspabi_sllll)
                  00015ac6    0000003a                            : lsr64.obj (.text:__mspabi_srlll)
                  00015b00    00000038     ow_lnk.obj (.text:WriteCOM)
                  00015b38    00000038     owsesu.obj (.text:owAcquire)
                  00015b70    00000038     rts430x_lc_rd_eabi.lib : signal.obj (.text:signal)
                  00015ba8    00000036                            : xferaise.obj (.text:_Feraise)
                  00015bde    00000036                            : snprintf.obj (.text:_outs)
                  00015c14    00000036                            : vsnprintf.obj (.text:_outs)
                  00015c4a    00000034                            : feraiseexcept.obj (.text:feraiseexcept)
                  00015c7e    00000032                            : subd.obj (.text:__mspabi_subd)
                  00015cb0    00000032                            : raise.obj (.text:raise)
                  00015ce2    00000030     main.obj (.text:Init_Clock)
                  00015d12    00000030     drv_logger.obj (.text:logger_init)
                  00015d42    0000002e     rts430x_lc_rd_eabi.lib : negd.obj (.text:__mspabi_negd)
                  00015d70    0000002e                            : strncat.obj (.text:strncat)
                  00015d9e    0000002c     bsp_pins.obj (.text:bsp_pins_initalize)
                  00015dca    0000002c     rts430x_lc_rd_eabi.lib : div16s.obj (.text)
                  00015df6    0000002a     util_log.obj (.text:util_log_init)
                  00015e20    00000028     ow_lnk.obj (.text:ReadCOM)
                  00015e48    00000028     rts430x_lc_rd_eabi.lib : fixdi.obj (.text:__mspabi_fixdi)
                  00015e70    00000026     bsp_pins.obj (.text:bsp_pin_setup)
                  00015e96    00000024     rts430x_lc_rd_eabi.lib : copy_zero_init.obj (.text:decompress:ZI:__TI_zero_init)
                  00015eba    00000022     eusci_a_uart.obj (.text:EUSCI_A_UART_enableInterrupt)
                  00015edc    00000022     eusci_a_uart.obj (.text:EUSCI_A_UART_transmitData)
                  00015efe    00000022     bsp_uart.obj (.text:fputc)
                  00015f20    00000022     rts430x_lc_rd_eabi.lib : mult32_f5hw.obj (.text)
                  00015f42    00000020     eusci_a_uart.obj (.text:EUSCI_A_UART_receiveData)
                  00015f62    00000020     rts430x_lc_rd_eabi.lib : snprintf.obj (.text:_outc)
                  00015f82    00000020                            : vsnprintf.obj (.text:_outc)
                  00015fa2    00000020                            : sprintf.obj (.text:_outs)
                  00015fc2    00000020     owerr.obj (.text:owRaiseError)
                  00015fe2    00000020     rts430x_lc_rd_eabi.lib : _printfi.obj (.text:val_hex)
                  00016002    0000001e                            : memccpy.obj (.text:memccpy)
                  00016020    0000001c                            : strchr.obj (.text:strchr)
                  0001603c    0000001a     crcutil.obj (.text:docrc8)
                  00016056    00000018     ow_lnk.obj (.text:msDelay)
                  0001606e    00000016     rts430x_lc_rd_eabi.lib : memset.obj (.text:memset)
                  00016084    00000016                            : div16u.obj (.text)
                  0001609a    00000016                            : mult16_f5hw.obj (.text)
                  000160b0    00000014     ow_lnk.obj (.text:CloseCOM)
                  000160c4    00000014     rts430x_lc_rd_eabi.lib : sprintf.obj (.text:_outc)
                  000160d8    00000014     drv_logger.obj (.text:info_logger_log)
                  000160ec    00000014     rts430x_lc_rd_eabi.lib : memcpy.obj (.text:memcpy)
                  00016100    00000012                            : copy_decompress_none.obj (.text:decompress:none:__TI_decompress_none)
                  00016112    00000012                            : toupper.obj (.text:toupper)
                  00016124    00000010                            : asr32.obj (.text:l_asr)
                  00016134    00000010                            : lsl32.obj (.text:l_lsl)
                  00016144    00000010                            : lsr32.obj (.text:l_lsr)
                  00016154    0000000e                            : strlen.obj (.text:strlen)
                  00016162    0000000c     eusci_b_spi.obj (.text:EUSCI_B_SPI_transmitData)
                  0001616e    0000000c     rts430x_lc_rd_eabi.lib : fltid.obj (.text:__mspabi_fltid)
                  0001617a    0000000c     drv_logger.obj (.text:error_logger_log)
                  00016186    0000000a     ow_lnk.obj (.text:BreakCOM)
                  00016190    0000000a     eusci_a_uart.obj (.text:EUSCI_A_UART_getInterruptStatus)
                  0001619a    0000000a     eusci_b_spi.obj (.text:EUSCI_B_SPI_isBusy)
                  000161a4    0000000a     eusci_b_spi.obj (.text:EUSCI_B_SPI_receiveData)
                  000161ae    0000000a     rts430x_lc_rd_eabi.lib : abs.obj (.text:abs)
                  000161b8    0000000a                            : lsl16.obj (.text)
                  000161c2    0000000a                            : lsr16.obj (.text)
                  000161cc    00000008     crcutil.obj (.text:setcrc8)
                  000161d4    00000008     drv_logger.obj (.text:trace_logger_log)
                  000161dc    00000006     eusci_a_uart.obj (.text:EUSCI_A_UART_disable)
                  000161e2    00000006     eusci_a_uart.obj (.text:EUSCI_A_UART_enable)
                  000161e8    00000006     eusci_b_spi.obj (.text:EUSCI_B_SPI_enable)
                  000161ee    00000006     rts430x_lc_rd_eabi.lib : fprintf.obj (.text:_outc)
                  000161f4    00000006                            : printf.obj (.text:_outc)
                  000161fa    00000006                            : copy_decompress_rle.obj (.text:decompress:rle24:__TI_decompress_rle24)
                  00016200    00000004                            : error.obj (.text:__abort_execution)
                  00016204    00000004                            : fprintf.obj (.text:_outs)
                  00016208    00000004                            : printf.obj (.text:_outs)
                  0001620c    00000004                            : pre_init.obj (.text:_system_pre_init)
                  00016210    00000004                            : exit.obj (.text:abort)
                  00016214    00000002     ow_lnk.obj (.text:FlushCOM)
                  00016216    00000002     ow_lnk.obj (.text:SetBaudCOM)
                  00016218    00000002     rts430x_lc_rd_eabi.lib : _lock.obj (.text:_nop)


LINKER GENERATED COPY TABLES

__TI_cinit_table @ 00008a0e records: 2, size/record: 8, table size: 16
	.data: load addr=000088a0, load size=0000015b bytes, run addr=00006fa0, run size=0000032e bytes, compression=rle
	.bss: load addr=00008a08, load size=00000006 bytes, run addr=000072ce, run size=0000029e bytes, compression=zero_init


LINKER GENERATED HANDLER TABLE

__TI_handler_table @ 000089fc records: 3, size/record: 4, table size: 12
	index: 0, handler: __TI_zero_init
	index: 1, handler: __TI_decompress_rle24
	index: 2, handler: __TI_decompress_none


GLOBAL SYMBOLS: SORTED ALPHABETICALLY BY Name 

address   name                                      
-------   ----                                      
00000800  ADC12CTL0                                 
00000801  ADC12CTL0_H                               
00000800  ADC12CTL0_L                               
00000802  ADC12CTL1                                 
00000803  ADC12CTL1_H                               
00000802  ADC12CTL1_L                               
00000804  ADC12CTL2                                 
00000805  ADC12CTL2_H                               
00000804  ADC12CTL2_L                               
00000806  ADC12CTL3                                 
00000807  ADC12CTL3_H                               
00000806  ADC12CTL3_L                               
0000080a  ADC12HI                                   
0000080b  ADC12HI_H                                 
0000080a  ADC12HI_L                                 
00000812  ADC12IER0                                 
00000813  ADC12IER0_H                               
00000812  ADC12IER0_L                               
00000814  ADC12IER1                                 
00000815  ADC12IER1_H                               
00000814  ADC12IER1_L                               
00000816  ADC12IER2                                 
00000817  ADC12IER2_H                               
00000816  ADC12IER2_L                               
0000080c  ADC12IFGR0                                
0000080d  ADC12IFGR0_H                              
0000080c  ADC12IFGR0_L                              
0000080e  ADC12IFGR1                                
0000080f  ADC12IFGR1_H                              
0000080e  ADC12IFGR1_L                              
00000810  ADC12IFGR2                                
00000811  ADC12IFGR2_H                              
00000810  ADC12IFGR2_L                              
00000818  ADC12IV                                   
00000819  ADC12IV_H                                 
00000818  ADC12IV_L                                 
00000808  ADC12LO                                   
00000809  ADC12LO_H                                 
00000808  ADC12LO_L                                 
00000820  ADC12MCTL0                                
00000821  ADC12MCTL0_H                              
00000820  ADC12MCTL0_L                              
00000822  ADC12MCTL1                                
00000834  ADC12MCTL10                               
00000835  ADC12MCTL10_H                             
00000834  ADC12MCTL10_L                             
00000836  ADC12MCTL11                               
00000837  ADC12MCTL11_H                             
00000836  ADC12MCTL11_L                             
00000838  ADC12MCTL12                               
00000839  ADC12MCTL12_H                             
00000838  ADC12MCTL12_L                             
0000083a  ADC12MCTL13                               
0000083b  ADC12MCTL13_H                             
0000083a  ADC12MCTL13_L                             
0000083c  ADC12MCTL14                               
0000083d  ADC12MCTL14_H                             
0000083c  ADC12MCTL14_L                             
0000083e  ADC12MCTL15                               
0000083f  ADC12MCTL15_H                             
0000083e  ADC12MCTL15_L                             
00000840  ADC12MCTL16                               
00000841  ADC12MCTL16_H                             
00000840  ADC12MCTL16_L                             
00000842  ADC12MCTL17                               
00000843  ADC12MCTL17_H                             
00000842  ADC12MCTL17_L                             
00000844  ADC12MCTL18                               
00000845  ADC12MCTL18_H                             
00000844  ADC12MCTL18_L                             
00000846  ADC12MCTL19                               
00000847  ADC12MCTL19_H                             
00000846  ADC12MCTL19_L                             
00000823  ADC12MCTL1_H                              
00000822  ADC12MCTL1_L                              
00000824  ADC12MCTL2                                
00000848  ADC12MCTL20                               
00000849  ADC12MCTL20_H                             
00000848  ADC12MCTL20_L                             
0000084a  ADC12MCTL21                               
0000084b  ADC12MCTL21_H                             
0000084a  ADC12MCTL21_L                             
0000084c  ADC12MCTL22                               
0000084d  ADC12MCTL22_H                             
0000084c  ADC12MCTL22_L                             
0000084e  ADC12MCTL23                               
0000084f  ADC12MCTL23_H                             
0000084e  ADC12MCTL23_L                             
00000850  ADC12MCTL24                               
00000851  ADC12MCTL24_H                             
00000850  ADC12MCTL24_L                             
00000852  ADC12MCTL25                               
00000853  ADC12MCTL25_H                             
00000852  ADC12MCTL25_L                             
00000854  ADC12MCTL26                               
00000855  ADC12MCTL26_H                             
00000854  ADC12MCTL26_L                             
00000856  ADC12MCTL27                               
00000857  ADC12MCTL27_H                             
00000856  ADC12MCTL27_L                             
00000858  ADC12MCTL28                               
00000859  ADC12MCTL28_H                             
00000858  ADC12MCTL28_L                             
0000085a  ADC12MCTL29                               
0000085b  ADC12MCTL29_H                             
0000085a  ADC12MCTL29_L                             
00000825  ADC12MCTL2_H                              
00000824  ADC12MCTL2_L                              
00000826  ADC12MCTL3                                
0000085c  ADC12MCTL30                               
0000085d  ADC12MCTL30_H                             
0000085c  ADC12MCTL30_L                             
0000085e  ADC12MCTL31                               
0000085f  ADC12MCTL31_H                             
0000085e  ADC12MCTL31_L                             
00000827  ADC12MCTL3_H                              
00000826  ADC12MCTL3_L                              
00000828  ADC12MCTL4                                
00000829  ADC12MCTL4_H                              
00000828  ADC12MCTL4_L                              
0000082a  ADC12MCTL5                                
0000082b  ADC12MCTL5_H                              
0000082a  ADC12MCTL5_L                              
0000082c  ADC12MCTL6                                
0000082d  ADC12MCTL6_H                              
0000082c  ADC12MCTL6_L                              
0000082e  ADC12MCTL7                                
0000082f  ADC12MCTL7_H                              
0000082e  ADC12MCTL7_L                              
00000830  ADC12MCTL8                                
00000831  ADC12MCTL8_H                              
00000830  ADC12MCTL8_L                              
00000832  ADC12MCTL9                                
00000833  ADC12MCTL9_H                              
00000832  ADC12MCTL9_L                              
00000860  ADC12MEM0                                 
00000861  ADC12MEM0_H                               
00000860  ADC12MEM0_L                               
00000862  ADC12MEM1                                 
00000874  ADC12MEM10                                
00000875  ADC12MEM10_H                              
00000874  ADC12MEM10_L                              
00000876  ADC12MEM11                                
00000877  ADC12MEM11_H                              
00000876  ADC12MEM11_L                              
00000878  ADC12MEM12                                
00000879  ADC12MEM12_H                              
00000878  ADC12MEM12_L                              
0000087a  ADC12MEM13                                
0000087b  ADC12MEM13_H                              
0000087a  ADC12MEM13_L                              
0000087c  ADC12MEM14                                
0000087d  ADC12MEM14_H                              
0000087c  ADC12MEM14_L                              
0000087e  ADC12MEM15                                
0000087f  ADC12MEM15_H                              
0000087e  ADC12MEM15_L                              
00000880  ADC12MEM16                                
00000881  ADC12MEM16_H                              
00000880  ADC12MEM16_L                              
00000882  ADC12MEM17                                
00000883  ADC12MEM17_H                              
00000882  ADC12MEM17_L                              
00000884  ADC12MEM18                                
00000885  ADC12MEM18_H                              
00000884  ADC12MEM18_L                              
00000886  ADC12MEM19                                
00000887  ADC12MEM19_H                              
00000886  ADC12MEM19_L                              
00000863  ADC12MEM1_H                               
00000862  ADC12MEM1_L                               
00000864  ADC12MEM2                                 
00000888  ADC12MEM20                                
00000889  ADC12MEM20_H                              
00000888  ADC12MEM20_L                              
0000088a  ADC12MEM21                                
0000088b  ADC12MEM21_H                              
0000088a  ADC12MEM21_L                              
0000088c  ADC12MEM22                                
0000088d  ADC12MEM22_H                              
0000088c  ADC12MEM22_L                              
0000088e  ADC12MEM23                                
0000088f  ADC12MEM23_H                              
0000088e  ADC12MEM23_L                              
00000890  ADC12MEM24                                
00000891  ADC12MEM24_H                              
00000890  ADC12MEM24_L                              
00000892  ADC12MEM25                                
00000893  ADC12MEM25_H                              
00000892  ADC12MEM25_L                              
00000894  ADC12MEM26                                
00000895  ADC12MEM26_H                              
00000894  ADC12MEM26_L                              
00000896  ADC12MEM27                                
00000897  ADC12MEM27_H                              
00000896  ADC12MEM27_L                              
00000898  ADC12MEM28                                
00000899  ADC12MEM28_H                              
00000898  ADC12MEM28_L                              
0000089a  ADC12MEM29                                
0000089b  ADC12MEM29_H                              
0000089a  ADC12MEM29_L                              
00000865  ADC12MEM2_H                               
00000864  ADC12MEM2_L                               
00000866  ADC12MEM3                                 
0000089c  ADC12MEM30                                
0000089d  ADC12MEM30_H                              
0000089c  ADC12MEM30_L                              
0000089e  ADC12MEM31                                
0000089f  ADC12MEM31_H                              
0000089e  ADC12MEM31_L                              
00000867  ADC12MEM3_H                               
00000866  ADC12MEM3_L                               
00000868  ADC12MEM4                                 
00000869  ADC12MEM4_H                               
00000868  ADC12MEM4_L                               
0000086a  ADC12MEM5                                 
0000086b  ADC12MEM5_H                               
0000086a  ADC12MEM5_L                               
0000086c  ADC12MEM6                                 
0000086d  ADC12MEM6_H                               
0000086c  ADC12MEM6_L                               
0000086e  ADC12MEM7                                 
0000086f  ADC12MEM7_H                               
0000086e  ADC12MEM7_L                               
00000870  ADC12MEM8                                 
00000871  ADC12MEM8_H                               
00000870  ADC12MEM8_L                               
00000872  ADC12MEM9                                 
00000873  ADC12MEM9_H                               
00000872  ADC12MEM9_L                               
000009c0  AESACTL0                                  
000009c1  AESACTL0_H                                
000009c0  AESACTL0_L                                
000009c2  AESACTL1                                  
000009c3  AESACTL1_H                                
000009c2  AESACTL1_L                                
000009c8  AESADIN                                   
000009c9  AESADIN_H                                 
000009c8  AESADIN_L                                 
000009ca  AESADOUT                                  
000009cb  AESADOUT_H                                
000009ca  AESADOUT_L                                
000009c6  AESAKEY                                   
000009c7  AESAKEY_H                                 
000009c6  AESAKEY_L                                 
000009c4  AESASTAT                                  
000009c5  AESASTAT_H                                
000009c4  AESASTAT_L                                
000009cc  AESAXDIN                                  
000009cd  AESAXDIN_H                                
000009cc  AESAXDIN_L                                
000009ce  AESAXIN                                   
000009cf  AESAXIN_H                                 
000009ce  AESAXIN_L                                 
000004be  BCD2BIN                                   
000004bc  BIN2BCD                                   
00016186  BreakCOM                                  
00016210  C$$EXIT                                   
0000043e  CAPTIO0CTL                                
0000043f  CAPTIO0CTL_H                              
0000043e  CAPTIO0CTL_L                              
0000047e  CAPTIO1CTL                                
0000047f  CAPTIO1CTL_H                              
0000047e  CAPTIO1CTL_L                              
000008c0  CECTL0                                    
000008c1  CECTL0_H                                  
000008c0  CECTL0_L                                  
000008c2  CECTL1                                    
000008c3  CECTL1_H                                  
000008c2  CECTL1_L                                  
000008c4  CECTL2                                    
000008c5  CECTL2_H                                  
000008c4  CECTL2_L                                  
000008c6  CECTL3                                    
000008c7  CECTL3_H                                  
000008c6  CECTL3_L                                  
000008cc  CEINT                                     
000008cd  CEINT_H                                   
000008cc  CEINT_L                                   
000008ce  CEIV                                      
000008cf  CEIV_H                                    
000008ce  CEIV_L                                    
00000996  CRC16DIRBW0                               
00000997  CRC16DIRBW0_H                             
00000996  CRC16DIRBW0_L                             
00000994  CRC16DIRBW1                               
00000995  CRC16DIRBW1_H                             
00000994  CRC16DIRBW1_L                             
00000990  CRC16DIW0                                 
00000991  CRC16DIW0_H                               
00000990  CRC16DIW0_L                               
00000992  CRC16DIW1                                 
00000993  CRC16DIW1_H                               
00000992  CRC16DIW1_L                               
00000998  CRC16INIRESW0                             
00000999  CRC16INIRESW0_H                           
00000998  CRC16INIRESW0_L                           
0000099e  CRC16RESRW0                               
0000099f  CRC16RESRW0_H                             
0000099e  CRC16RESRW0_L                             
0000099c  CRC16RESRW1                               
0000099d  CRC16RESRW1_H                             
0000099c  CRC16RESRW1_L                             
00000986  CRC32DIRBW0                               
00000987  CRC32DIRBW0_H                             
00000986  CRC32DIRBW0_L                             
00000984  CRC32DIRBW1                               
00000985  CRC32DIRBW1_H                             
00000984  CRC32DIRBW1_L                             
00000980  CRC32DIW0                                 
00000981  CRC32DIW0_H                               
00000980  CRC32DIW0_L                               
00000982  CRC32DIW1                                 
00000983  CRC32DIW1_H                               
00000982  CRC32DIW1_L                               
00000988  CRC32INIRESW0                             
00000989  CRC32INIRESW0_H                           
00000988  CRC32INIRESW0_L                           
0000098a  CRC32INIRESW1                             
0000098b  CRC32INIRESW1_H                           
0000098a  CRC32INIRESW1_L                           
0000098e  CRC32RESRW0                               
0000098f  CRC32RESRW0_H                             
0000098e  CRC32RESRW0_L                             
0000098c  CRC32RESRW1                               
0000098d  CRC32RESRW1_H                             
0000098c  CRC32RESRW1_L                             
00000150  CRCDI                                     
00000152  CRCDIRB                                   
00000153  CRCDIRB_H                                 
00000152  CRCDIRB_L                                 
00000151  CRCDI_H                                   
00000150  CRCDI_L                                   
00000154  CRCINIRES                                 
00000155  CRCINIRES_H                               
00000154  CRCINIRES_L                               
00000156  CRCRESR                                   
00000157  CRCRESR_H                                 
00000156  CRCRESR_L                                 
00000160  CSCTL0                                    
00000161  CSCTL0_H                                  
00000160  CSCTL0_L                                  
00000162  CSCTL1                                    
00000163  CSCTL1_H                                  
00000162  CSCTL1_L                                  
00000164  CSCTL2                                    
00000165  CSCTL2_H                                  
00000164  CSCTL2_L                                  
00000166  CSCTL3                                    
00000167  CSCTL3_H                                  
00000166  CSCTL3_L                                  
00000168  CSCTL4                                    
00000169  CSCTL4_H                                  
00000168  CSCTL4_L                                  
0000016a  CSCTL5                                    
0000016b  CSCTL5_H                                  
0000016a  CSCTL5_L                                  
0000016c  CSCTL6                                    
0000016d  CSCTL6_H                                  
0000016c  CSCTL6_L                                  
00015114  CS_initClockSignal                        
00015a52  CS_turnOnLFXT                             
000160b0  CloseCOM                                  
00000510  DMA0CTL                                   
00000511  DMA0CTL_H                                 
00000510  DMA0CTL_L                                 
00000516  DMA0DA                                    
00000518  DMA0DAH                                   
00000516  DMA0DAL                                   
00000512  DMA0SA                                    
00000514  DMA0SAH                                   
00000512  DMA0SAL                                   
0000051a  DMA0SZ                                    
00000520  DMA1CTL                                   
00000521  DMA1CTL_H                                 
00000520  DMA1CTL_L                                 
00000526  DMA1DA                                    
00000528  DMA1DAH                                   
00000526  DMA1DAL                                   
00000522  DMA1SA                                    
00000524  DMA1SAH                                   
00000522  DMA1SAL                                   
0000052a  DMA1SZ                                    
00000530  DMA2CTL                                   
00000531  DMA2CTL_H                                 
00000530  DMA2CTL_L                                 
00000536  DMA2DA                                    
00000538  DMA2DAH                                   
00000536  DMA2DAL                                   
00000532  DMA2SA                                    
00000534  DMA2SAH                                   
00000532  DMA2SAL                                   
0000053a  DMA2SZ                                    
00000500  DMACTL0                                   
00000501  DMACTL0_H                                 
00000500  DMACTL0_L                                 
00000502  DMACTL1                                   
00000503  DMACTL1_H                                 
00000502  DMACTL1_L                                 
00000504  DMACTL2                                   
00000505  DMACTL2_H                                 
00000504  DMACTL2_L                                 
00000506  DMACTL3                                   
00000507  DMACTL3_H                                 
00000506  DMACTL3_L                                 
00000508  DMACTL4                                   
00000509  DMACTL4_H                                 
00000508  DMACTL4_L                                 
0000050e  DMAIV                                     
0000050f  DMAIV_H                                   
0000050e  DMAIV_L                                   
000133c4  DS2480Detect                              
00000d20  ESIAFE                                    
00000d21  ESIAFE_H                                  
00000d20  ESIAFE_L                                  
00000d10  ESICNT0                                   
00000d11  ESICNT0_H                                 
00000d10  ESICNT0_L                                 
00000d12  ESICNT1                                   
00000d13  ESICNT1_H                                 
00000d12  ESICNT1_L                                 
00000d14  ESICNT2                                   
00000d15  ESICNT2_H                                 
00000d14  ESICNT2_L                                 
00000d16  ESICNT3                                   
00000d17  ESICNT3_H                                 
00000d16  ESICNT3_L                                 
00000d2a  ESICTL                                    
00000d2b  ESICTL_H                                  
00000d2a  ESICTL_L                                  
00000d40  ESIDAC1R0                                 
00000d41  ESIDAC1R0_H                               
00000d40  ESIDAC1R0_L                               
00000d42  ESIDAC1R1                                 
00000d43  ESIDAC1R1_H                               
00000d42  ESIDAC1R1_L                               
00000d44  ESIDAC1R2                                 
00000d45  ESIDAC1R2_H                               
00000d44  ESIDAC1R2_L                               
00000d46  ESIDAC1R3                                 
00000d47  ESIDAC1R3_H                               
00000d46  ESIDAC1R3_L                               
00000d48  ESIDAC1R4                                 
00000d49  ESIDAC1R4_H                               
00000d48  ESIDAC1R4_L                               
00000d4a  ESIDAC1R5                                 
00000d4b  ESIDAC1R5_H                               
00000d4a  ESIDAC1R5_L                               
00000d4c  ESIDAC1R6                                 
00000d4d  ESIDAC1R6_H                               
00000d4c  ESIDAC1R6_L                               
00000d4e  ESIDAC1R7                                 
00000d4f  ESIDAC1R7_H                               
00000d4e  ESIDAC1R7_L                               
00000d50  ESIDAC2R0                                 
00000d51  ESIDAC2R0_H                               
00000d50  ESIDAC2R0_L                               
00000d52  ESIDAC2R1                                 
00000d53  ESIDAC2R1_H                               
00000d52  ESIDAC2R1_L                               
00000d54  ESIDAC2R2                                 
00000d55  ESIDAC2R2_H                               
00000d54  ESIDAC2R2_L                               
00000d56  ESIDAC2R3                                 
00000d57  ESIDAC2R3_H                               
00000d56  ESIDAC2R3_L                               
00000d58  ESIDAC2R4                                 
00000d59  ESIDAC2R4_H                               
00000d58  ESIDAC2R4_L                               
00000d5a  ESIDAC2R5                                 
00000d5b  ESIDAC2R5_H                               
00000d5a  ESIDAC2R5_L                               
00000d5c  ESIDAC2R6                                 
00000d5d  ESIDAC2R6_H                               
00000d5c  ESIDAC2R6_L                               
00000d5e  ESIDAC2R7                                 
00000d5f  ESIDAC2R7_H                               
00000d5e  ESIDAC2R7_L                               
00000d00  ESIDEBUG1                                 
00000d01  ESIDEBUG1_H                               
00000d00  ESIDEBUG1_L                               
00000d02  ESIDEBUG2                                 
00000d03  ESIDEBUG2_H                               
00000d02  ESIDEBUG2_L                               
00000d04  ESIDEBUG3                                 
00000d05  ESIDEBUG3_H                               
00000d04  ESIDEBUG3_L                               
00000d06  ESIDEBUG4                                 
00000d07  ESIDEBUG4_H                               
00000d06  ESIDEBUG4_L                               
00000d08  ESIDEBUG5                                 
00000d09  ESIDEBUG5_H                               
00000d08  ESIDEBUG5_L                               
00000d1c  ESIINT1                                   
00000d1d  ESIINT1_H                                 
00000d1c  ESIINT1_L                                 
00000d1e  ESIINT2                                   
00000d1f  ESIINT2_H                                 
00000d1e  ESIINT2_L                                 
00000d1a  ESIIV                                     
00000d1b  ESIIV_H                                   
00000d1a  ESIIV_L                                   
00000d28  ESIOSC                                    
00000d29  ESIOSC_H                                  
00000d28  ESIOSC_L                                  
00000d22  ESIPPU                                    
00000d23  ESIPPU_H                                  
00000d22  ESIPPU_L                                  
00000d26  ESIPSM                                    
00000d27  ESIPSM_H                                  
00000d26  ESIPSM_L                                  
00000e00  ESIRAM0                                   
00000e01  ESIRAM1                                   
00000e0a  ESIRAM10                                  
00000e64  ESIRAM100                                 
00000e65  ESIRAM101                                 
00000e66  ESIRAM102                                 
00000e67  ESIRAM103                                 
00000e68  ESIRAM104                                 
00000e69  ESIRAM105                                 
00000e6a  ESIRAM106                                 
00000e6b  ESIRAM107                                 
00000e6c  ESIRAM108                                 
00000e6d  ESIRAM109                                 
00000e0b  ESIRAM11                                  
00000e6e  ESIRAM110                                 
00000e6f  ESIRAM111                                 
00000e70  ESIRAM112                                 
00000e71  ESIRAM113                                 
00000e72  ESIRAM114                                 
00000e73  ESIRAM115                                 
00000e74  ESIRAM116                                 
00000e75  ESIRAM117                                 
00000e76  ESIRAM118                                 
00000e77  ESIRAM119                                 
00000e0c  ESIRAM12                                  
00000e78  ESIRAM120                                 
00000e79  ESIRAM121                                 
00000e7a  ESIRAM122                                 
00000e7b  ESIRAM123                                 
00000e7c  ESIRAM124                                 
00000e7d  ESIRAM125                                 
00000e7e  ESIRAM126                                 
00000e7f  ESIRAM127                                 
00000e0d  ESIRAM13                                  
00000e0e  ESIRAM14                                  
00000e0f  ESIRAM15                                  
00000e10  ESIRAM16                                  
00000e11  ESIRAM17                                  
00000e12  ESIRAM18                                  
00000e13  ESIRAM19                                  
00000e02  ESIRAM2                                   
00000e14  ESIRAM20                                  
00000e15  ESIRAM21                                  
00000e16  ESIRAM22                                  
00000e17  ESIRAM23                                  
00000e18  ESIRAM24                                  
00000e19  ESIRAM25                                  
00000e1a  ESIRAM26                                  
00000e1b  ESIRAM27                                  
00000e1c  ESIRAM28                                  
00000e1d  ESIRAM29                                  
00000e03  ESIRAM3                                   
00000e1e  ESIRAM30                                  
00000e1f  ESIRAM31                                  
00000e20  ESIRAM32                                  
00000e21  ESIRAM33                                  
00000e22  ESIRAM34                                  
00000e23  ESIRAM35                                  
00000e24  ESIRAM36                                  
00000e25  ESIRAM37                                  
00000e26  ESIRAM38                                  
00000e27  ESIRAM39                                  
00000e04  ESIRAM4                                   
00000e28  ESIRAM40                                  
00000e29  ESIRAM41                                  
00000e2a  ESIRAM42                                  
00000e2b  ESIRAM43                                  
00000e2c  ESIRAM44                                  
00000e2d  ESIRAM45                                  
00000e2e  ESIRAM46                                  
00000e2f  ESIRAM47                                  
00000e30  ESIRAM48                                  
00000e31  ESIRAM49                                  
00000e05  ESIRAM5                                   
00000e32  ESIRAM50                                  
00000e33  ESIRAM51                                  
00000e34  ESIRAM52                                  
00000e35  ESIRAM53                                  
00000e36  ESIRAM54                                  
00000e37  ESIRAM55                                  
00000e38  ESIRAM56                                  
00000e39  ESIRAM57                                  
00000e3a  ESIRAM58                                  
00000e3b  ESIRAM59                                  
00000e06  ESIRAM6                                   
00000e3c  ESIRAM60                                  
00000e3d  ESIRAM61                                  
00000e3e  ESIRAM62                                  
00000e3f  ESIRAM63                                  
00000e40  ESIRAM64                                  
00000e41  ESIRAM65                                  
00000e42  ESIRAM66                                  
00000e43  ESIRAM67                                  
00000e44  ESIRAM68                                  
00000e45  ESIRAM69                                  
00000e07  ESIRAM7                                   
00000e46  ESIRAM70                                  
00000e47  ESIRAM71                                  
00000e48  ESIRAM72                                  
00000e49  ESIRAM73                                  
00000e4a  ESIRAM74                                  
00000e4b  ESIRAM75                                  
00000e4c  ESIRAM76                                  
00000e4d  ESIRAM77                                  
00000e4e  ESIRAM78                                  
00000e4f  ESIRAM79                                  
00000e08  ESIRAM8                                   
00000e50  ESIRAM80                                  
00000e51  ESIRAM81                                  
00000e52  ESIRAM82                                  
00000e53  ESIRAM83                                  
00000e54  ESIRAM84                                  
00000e55  ESIRAM85                                  
00000e56  ESIRAM86                                  
00000e57  ESIRAM87                                  
00000e58  ESIRAM88                                  
00000e59  ESIRAM89                                  
00000e09  ESIRAM9                                   
00000e5a  ESIRAM90                                  
00000e5b  ESIRAM91                                  
00000e5c  ESIRAM92                                  
00000e5d  ESIRAM93                                  
00000e5e  ESIRAM94                                  
00000e5f  ESIRAM95                                  
00000e60  ESIRAM96                                  
00000e61  ESIRAM97                                  
00000e62  ESIRAM98                                  
00000e63  ESIRAM99                                  
00000d2c  ESITHR1                                   
00000d2d  ESITHR1_H                                 
00000d2c  ESITHR1_L                                 
00000d2e  ESITHR2                                   
00000d2f  ESITHR2_H                                 
00000d2e  ESITHR2_L                                 
00000d24  ESITSM                                    
00000d60  ESITSM0                                   
00000d61  ESITSM0_H                                 
00000d60  ESITSM0_L                                 
00000d62  ESITSM1                                   
00000d74  ESITSM10                                  
00000d75  ESITSM10_H                                
00000d74  ESITSM10_L                                
00000d76  ESITSM11                                  
00000d77  ESITSM11_H                                
00000d76  ESITSM11_L                                
00000d78  ESITSM12                                  
00000d79  ESITSM12_H                                
00000d78  ESITSM12_L                                
00000d7a  ESITSM13                                  
00000d7b  ESITSM13_H                                
00000d7a  ESITSM13_L                                
00000d7c  ESITSM14                                  
00000d7d  ESITSM14_H                                
00000d7c  ESITSM14_L                                
00000d7e  ESITSM15                                  
00000d7f  ESITSM15_H                                
00000d7e  ESITSM15_L                                
00000d80  ESITSM16                                  
00000d81  ESITSM16_H                                
00000d80  ESITSM16_L                                
00000d82  ESITSM17                                  
00000d83  ESITSM17_H                                
00000d82  ESITSM17_L                                
00000d84  ESITSM18                                  
00000d85  ESITSM18_H                                
00000d84  ESITSM18_L                                
00000d86  ESITSM19                                  
00000d87  ESITSM19_H                                
00000d86  ESITSM19_L                                
00000d63  ESITSM1_H                                 
00000d62  ESITSM1_L                                 
00000d64  ESITSM2                                   
00000d88  ESITSM20                                  
00000d89  ESITSM20_H                                
00000d88  ESITSM20_L                                
00000d8a  ESITSM21                                  
00000d8b  ESITSM21_H                                
00000d8a  ESITSM21_L                                
00000d8c  ESITSM22                                  
00000d8d  ESITSM22_H                                
00000d8c  ESITSM22_L                                
00000d8e  ESITSM23                                  
00000d8f  ESITSM23_H                                
00000d8e  ESITSM23_L                                
00000d90  ESITSM24                                  
00000d91  ESITSM24_H                                
00000d90  ESITSM24_L                                
00000d92  ESITSM25                                  
00000d93  ESITSM25_H                                
00000d92  ESITSM25_L                                
00000d94  ESITSM26                                  
00000d95  ESITSM26_H                                
00000d94  ESITSM26_L                                
00000d96  ESITSM27                                  
00000d97  ESITSM27_H                                
00000d96  ESITSM27_L                                
00000d98  ESITSM28                                  
00000d99  ESITSM28_H                                
00000d98  ESITSM28_L                                
00000d9a  ESITSM29                                  
00000d9b  ESITSM29_H                                
00000d9a  ESITSM29_L                                
00000d65  ESITSM2_H                                 
00000d64  ESITSM2_L                                 
00000d66  ESITSM3                                   
00000d9c  ESITSM30                                  
00000d9d  ESITSM30_H                                
00000d9c  ESITSM30_L                                
00000d9e  ESITSM31                                  
00000d9f  ESITSM31_H                                
00000d9e  ESITSM31_L                                
00000d67  ESITSM3_H                                 
00000d66  ESITSM3_L                                 
00000d68  ESITSM4                                   
00000d69  ESITSM4_H                                 
00000d68  ESITSM4_L                                 
00000d6a  ESITSM5                                   
00000d6b  ESITSM5_H                                 
00000d6a  ESITSM5_L                                 
00000d6c  ESITSM6                                   
00000d6d  ESITSM6_H                                 
00000d6c  ESITSM6_L                                 
00000d6e  ESITSM7                                   
00000d6f  ESITSM7_H                                 
00000d6e  ESITSM7_L                                 
00000d70  ESITSM8                                   
00000d71  ESITSM8_H                                 
00000d70  ESITSM8_L                                 
00000d72  ESITSM9                                   
00000d73  ESITSM9_H                                 
00000d72  ESITSM9_L                                 
00000d25  ESITSM_H                                  
00000d24  ESITSM_L                                  
000161dc  EUSCI_A_UART_disable                      
000161e2  EUSCI_A_UART_enable                       
00015eba  EUSCI_A_UART_enableInterrupt              
00016190  EUSCI_A_UART_getInterruptStatus           
000148f0  EUSCI_A_UART_init                         
00015f42  EUSCI_A_UART_receiveData                  
00015862  EUSCI_A_UART_transmitBreak                
00015edc  EUSCI_A_UART_transmitData                 
000161e8  EUSCI_B_SPI_enable                        
000153b8  EUSCI_B_SPI_initMaster                    
0001619a  EUSCI_B_SPI_isBusy                        
000161a4  EUSCI_B_SPI_receiveData                   
00016162  EUSCI_B_SPI_transmitData                  
000072c6  FAMILY_CODE_04_ALARM_TOUCHRESET_COMPLIANCE
00000140  FRCTL0                                    
00000141  FRCTL0_H                                  
00000140  FRCTL0_L                                  
00016214  FlushCOM                                  
00000144  GCCTL0                                    
00000145  GCCTL0_H                                  
00000144  GCCTL0_L                                  
00000146  GCCTL1                                    
00000147  GCCTL1_H                                  
00000146  GCCTL1_L                                  
00014eec  GPIO_setAsPeripheralModuleFunctionInputPin
00015ce2  Init_Clock                                
00000a40  LCDBM1                                    
00000a49  LCDBM10                                   
00000a4a  LCDBM11                                   
00000a4b  LCDBM12                                   
00000a4c  LCDBM13                                   
00000a4d  LCDBM14                                   
00000a4e  LCDBM15                                   
00000a4f  LCDBM16                                   
00000a50  LCDBM17                                   
00000a51  LCDBM18                                   
00000a52  LCDBM19                                   
00000a41  LCDBM2                                    
00000a53  LCDBM20                                   
00000a54  LCDBM21                                   
00000a55  LCDBM22                                   
00000a42  LCDBM3                                    
00000a43  LCDBM4                                    
00000a44  LCDBM5                                    
00000a45  LCDBM6                                    
00000a46  LCDBM7                                    
00000a47  LCDBM8                                    
00000a48  LCDBM9                                    
00000a04  LCDCBLKCTL                                
00000a05  LCDCBLKCTL_H                              
00000a04  LCDCBLKCTL_L                              
00000a12  LCDCCPCTL                                 
00000a13  LCDCCPCTL_H                               
00000a12  LCDCCPCTL_L                               
00000a00  LCDCCTL0                                  
00000a01  LCDCCTL0_H                                
00000a00  LCDCCTL0_L                                
00000a02  LCDCCTL1                                  
00000a03  LCDCCTL1_H                                
00000a02  LCDCCTL1_L                                
00000a1e  LCDCIV                                    
00000a06  LCDCMEMCTL                                
00000a07  LCDCMEMCTL_H                              
00000a06  LCDCMEMCTL_L                              
00000a0a  LCDCPCTL0                                 
00000a0b  LCDCPCTL0_H                               
00000a0a  LCDCPCTL0_L                               
00000a0c  LCDCPCTL1                                 
00000a0d  LCDCPCTL1_H                               
00000a0c  LCDCPCTL1_L                               
00000a0e  LCDCPCTL2                                 
00000a0f  LCDCPCTL2_H                               
00000a0e  LCDCPCTL2_L                               
00000a08  LCDCVCTL                                  
00000a09  LCDCVCTL_H                                
00000a08  LCDCVCTL_L                                
00000a20  LCDM1                                     
00000a29  LCDM10                                    
00000a2a  LCDM11                                    
00000a2b  LCDM12                                    
00000a2c  LCDM13                                    
00000a2d  LCDM14                                    
00000a2e  LCDM15                                    
00000a2f  LCDM16                                    
00000a30  LCDM17                                    
00000a31  LCDM18                                    
00000a32  LCDM19                                    
00000a21  LCDM2                                     
00000a33  LCDM20                                    
00000a34  LCDM21                                    
00000a35  LCDM22                                    
00000a36  LCDM23                                    
00000a37  LCDM24                                    
00000a38  LCDM25                                    
00000a39  LCDM26                                    
00000a3a  LCDM27                                    
00000a3b  LCDM28                                    
00000a3c  LCDM29                                    
00000a22  LCDM3                                     
00000a3d  LCDM30                                    
00000a3e  LCDM31                                    
00000a3f  LCDM32                                    
00000a40  LCDM33                                    
00000a41  LCDM34                                    
00000a42  LCDM35                                    
00000a43  LCDM36                                    
00000a44  LCDM37                                    
00000a45  LCDM38                                    
00000a46  LCDM39                                    
00000a23  LCDM4                                     
00000a47  LCDM40                                    
00000a48  LCDM41                                    
00000a49  LCDM42                                    
00000a4a  LCDM43                                    
00000a24  LCDM5                                     
00000a25  LCDM6                                     
00000a26  LCDM7                                     
00000a27  LCDM8                                     
00000a28  LCDM9                                     
000004c4  MAC                                       
000004da  MAC32H                                    
000004db  MAC32H_H                                  
000004da  MAC32H_L                                  
000004d8  MAC32L                                    
000004d9  MAC32L_H                                  
000004d8  MAC32L_L                                  
000004c6  MACS                                      
000004de  MACS32H                                   
000004df  MACS32H_H                                 
000004de  MACS32H_L                                 
000004dc  MACS32L                                   
000004dd  MACS32L_H                                 
000004dc  MACS32L_L                                 
000004c7  MACS_H                                    
000004c6  MACS_L                                    
000004c5  MAC_H                                     
000004c4  MAC_L                                     
000005a0  MPUCTL0                                   
000005a1  MPUCTL0_H                                 
000005a0  MPUCTL0_L                                 
000005a2  MPUCTL1                                   
000005a3  MPUCTL1_H                                 
000005a2  MPUCTL1_L                                 
000005aa  MPUIPC0                                   
000005ab  MPUIPC0_H                                 
000005aa  MPUIPC0_L                                 
000005ae  MPUIPSEGB1                                
000005af  MPUIPSEGB1_H                              
000005ae  MPUIPSEGB1_L                              
000005ac  MPUIPSEGB2                                
000005ad  MPUIPSEGB2_H                              
000005ac  MPUIPSEGB2_L                              
000005a8  MPUSAM                                    
000005a9  MPUSAM_H                                  
000005a8  MPUSAM_L                                  
000005a6  MPUSEGB1                                  
000005a7  MPUSEGB1_H                                
000005a6  MPUSEGB1_L                                
000005a4  MPUSEGB2                                  
000005a5  MPUSEGB2_H                                
000005a4  MPUSEGB2_L                                
000004c0  MPY                                       
000004ec  MPY32CTL0                                 
000004ed  MPY32CTL0_H                               
000004ec  MPY32CTL0_L                               
000004d2  MPY32H                                    
000004d3  MPY32H_H                                  
000004d2  MPY32H_L                                  
000004d0  MPY32L                                    
000004d1  MPY32L_H                                  
000004d0  MPY32L_L                                  
000004c2  MPYS                                      
000004d6  MPYS32H                                   
000004d7  MPYS32H_H                                 
000004d6  MPYS32H_L                                 
000004d4  MPYS32L                                   
000004d5  MPYS32L_H                                 
[...]
00000e05  ESIRAM5                                   
00000e06  ESIRAM6                                   
00000e07  ESIRAM7                                   
00000e08  ESIRAM8                                   
00000e09  ESIRAM9                                   
00000e0a  ESIRAM10                                  
00000e0b  ESIRAM11                                  
00000e0c  ESIRAM12                                  
00000e0d  ESIRAM13                                  
00000e0e  ESIRAM14                                  
00000e0f  ESIRAM15                                  
00000e10  ESIRAM16                                  
00000e11  ESIRAM17                                  
00000e12  ESIRAM18                                  
00000e13  ESIRAM19                                  
00000e14  ESIRAM20                                  
00000e15  ESIRAM21                                  
00000e16  ESIRAM22                                  
00000e17  ESIRAM23                                  
00000e18  ESIRAM24                                  
00000e19  ESIRAM25                                  
00000e1a  ESIRAM26                                  
00000e1b  ESIRAM27                                  
00000e1c  ESIRAM28                                  
00000e1d  ESIRAM29                                  
00000e1e  ESIRAM30                                  
00000e1f  ESIRAM31                                  
00000e20  ESIRAM32                                  
00000e21  ESIRAM33                                  
00000e22  ESIRAM34                                  
00000e23  ESIRAM35                                  
00000e24  ESIRAM36                                  
00000e25  ESIRAM37                                  
00000e26  ESIRAM38                                  
00000e27  ESIRAM39                                  
00000e28  ESIRAM40                                  
00000e29  ESIRAM41                                  
00000e2a  ESIRAM42                                  
00000e2b  ESIRAM43                                  
00000e2c  ESIRAM44                                  
00000e2d  ESIRAM45                                  
00000e2e  ESIRAM46                                  
00000e2f  ESIRAM47                                  
00000e30  ESIRAM48                                  
00000e31  ESIRAM49                                  
00000e32  ESIRAM50                                  
00000e33  ESIRAM51                                  
00000e34  ESIRAM52                                  
00000e35  ESIRAM53                                  
00000e36  ESIRAM54                                  
00000e37  ESIRAM55                                  
00000e38  ESIRAM56                                  
00000e39  ESIRAM57                                  
00000e3a  ESIRAM58                                  
00000e3b  ESIRAM59                                  
00000e3c  ESIRAM60                                  
00000e3d  ESIRAM61                                  
00000e3e  ESIRAM62                                  
00000e3f  ESIRAM63                                  
00000e40  ESIRAM64                                  
00000e41  ESIRAM65                                  
00000e42  ESIRAM66                                  
00000e43  ESIRAM67                                  
00000e44  ESIRAM68                                  
00000e45  ESIRAM69                                  
00000e46  ESIRAM70                                  
00000e47  ESIRAM71                                  
00000e48  ESIRAM72                                  
00000e49  ESIRAM73                                  
00000e4a  ESIRAM74                                  
00000e4b  ESIRAM75                                  
00000e4c  ESIRAM76                                  
00000e4d  ESIRAM77                                  
00000e4e  ESIRAM78                                  
00000e4f  ESIRAM79                                  
00000e50  ESIRAM80                                  
00000e51  ESIRAM81                                  
00000e52  ESIRAM82                                  
00000e53  ESIRAM83                                  
00000e54  ESIRAM84                                  
00000e55  ESIRAM85                                  
00000e56  ESIRAM86                                  
00000e57  ESIRAM87                                  
00000e58  ESIRAM88                                  
00000e59  ESIRAM89                                  
00000e5a  ESIRAM90                                  
00000e5b  ESIRAM91                                  
00000e5c  ESIRAM92                                  
00000e5d  ESIRAM93                                  
00000e5e  ESIRAM94                                  
00000e5f  ESIRAM95                                  
00000e60  ESIRAM96                                  
00000e61  ESIRAM97                                  
00000e62  ESIRAM98                                  
00000e63  ESIRAM99                                  
00000e64  ESIRAM100                                 
00000e65  ESIRAM101                                 
00000e66  ESIRAM102                                 
00000e67  ESIRAM103                                 
00000e68  ESIRAM104                                 
00000e69  ESIRAM105                                 
00000e6a  ESIRAM106                                 
00000e6b  ESIRAM107                                 
00000e6c  ESIRAM108                                 
00000e6d  ESIRAM109                                 
00000e6e  ESIRAM110                                 
00000e6f  ESIRAM111                                 
00000e70  ESIRAM112                                 
00000e71  ESIRAM113                                 
00000e72  ESIRAM114                                 
00000e73  ESIRAM115                                 
00000e74  ESIRAM116                                 
00000e75  ESIRAM117                                 
00000e76  ESIRAM118                                 
00000e77  ESIRAM119                                 
00000e78  ESIRAM120                                 
00000e79  ESIRAM121                                 
00000e7a  ESIRAM122                                 
00000e7b  ESIRAM123                                 
00000e7c  ESIRAM124                                 
00000e7d  ESIRAM125                                 
00000e7e  ESIRAM126                                 
00000e7f  ESIRAM127                                 
00000fa0  __STACK_SIZE                              
00001b58  __SYSMEM_SIZE                             
00004400  _sys_memory                               
00004400  fram_ipe_end                              
00004400  fram_ipe_start                            
00006000  _stack                                    
00006000  fram_rx_start                             
00006fa0  __STACK_END                               
000070a0  _ftable                                   
00007218  _Denorm                                   
00007228  _Eps                                      
00007238  _Hugeval                                  
00007248  _Inf                                      
00007258  _Nan                                      
00007268  _Snan                                     
00007278  _Rteps                                    
00007288  _Xbig                                     
00007290  _Zero                                     
000072b0  _Fenv                                     
000072b4  _Tls_setup__Fenv                          
000072b8  _lock                                     
000072bc  _unlock                                   
000072c4  dodebug                                   
000072c6  FAMILY_CODE_04_ALARM_TOUCHRESET_COMPLIANCE
000072ca  _Errno                                    
00007398  SerialNum                                 
00007478  UBaud                                     
00007498  ULevel                                    
000074b8  UMode                                     
000074d8  USpeed                                    
000074f8  UVersion                                  
0000754e  utilcrc8                                  
0000756c  USCI_A0_ISR                               
0000758e  _c_int00_noargs_noexit                    
000075a8  __TI_ISR_TRAP                             
00008604  _ctypes_                                  
000089fc  __TI_Handler_Table_Base                   
00008a08  __TI_Handler_Table_Limit                  
00008a0e  __TI_CINIT_Base                           
00008a1e  __TI_CINIT_Limit                          
0000ffc6  __TI_int27                                
0000ffc8  __TI_int28                                
0000ffca  __TI_int29                                
0000ffcc  __TI_int30                                
0000ffce  __TI_int31                                
0000ffd0  __TI_int32                                
0000ffd2  __TI_int33                                
0000ffd4  __TI_int34                                
0000ffd6  __TI_int35                                
0000ffd8  __TI_int36                                
0000ffda  __TI_int37                                
0000ffdc  __TI_int38                                
0000ffde  __TI_int39                                
0000ffe0  __TI_int40                                
0000ffe2  __TI_int41                                
0000ffe4  __TI_int42                                
0000ffe6  __TI_int43                                
0000ffe8  __TI_int44                                
0000ffea  __TI_int45                                
0000ffec  __TI_int46                                
0000ffee  __TI_int47                                
0000fff0  __TI_int48                                
0000fff2  __TI_int49                                
0000fff4  __TI_int50                                
0000fff6  __TI_int51                                
0000fff8  __TI_int52                                
0000fffa  __TI_int53                                
0000fffc  __TI_int54                                
0000fffe  _reset_vector                             
00010000  __TI_frcdivd                              
00010452  __mspabi_divull                           
000107ec  owNext                                    
00010b64  __TI_frcmpyd                              
00010e48  __mspabi_addd                             
00011120  __mspabi_mpyd                             
000113a2  bsp_pin_set_alt_funct                     
00011880  __TI_frcaddd                              
00011ad2  __mspabi_divd                             
00012336  __TI_printfi                              
0001273a  owLevel                                   
00012a86  _Dscale                                   
00012c24  __vla_alloc                               
000130da  drv_rtc_read_time_date                    
000133c4  DS2480Detect                              
0001366c  realloc                                   
000137b0  owTouchReset                              
000138d4  main                                      
000139e4  bsp_pin_digital_write                     
00013ae8  util_log                                  
00013bea  _Dnorm                                    
00013ee0  getSizeNV                                 
00013fd2  readNV                                    
000140c2  bsp_pin_set_mode                          
000141ae  owBlock                                   
0001429a  __mspabi_cmpd                             
00014372  __vla_dealloc                             
00014438  malloc                                    
000144f2  bsp_pin_digital_read                      
000145a6  __TI_renormd                              
00014658  owAccess                                  
000148f0  EUSCI_A_UART_init                         
0001498a  __mspabi_fltlid                           
00014b42  getStartingAddressNV                      
00014bd2  free                                      
00014ce8  bsp_pin_digital_toggle                    
00014d6e  ldexp                                     
00014df4  ltoa                                      
00014eec  GPIO_setAsPeripheralModuleFunctionInputPin
00014f5e  _Dunscale                                 
00014fd0  drv_rtc_init                              
00015040  _auto_init_hold_wdt                       
00015114  CS_initClockSignal                        
0001517a  __mspabi_fixdli                           
000151e0  atoi                                      
00015242  snprintf                                  
00015304  get_time                                  
00015360  __mspabi_divul                            
00015360  __mspabi_remul                            
000153b8  EUSCI_B_SPI_initMaster                    
0001540e  owSerialNum                               
00015464  vsnprintf                                 
000154ba  init_uart                                 
0001550c  _Dclass                                   
0001555c  fprintf                                   
000155fa  printf                                    
00015644  OpenCOM                                   
00015758  sprintf                                   
0001579c  abs_1_wire_find_devices                   
000157de  frexp                                     
00015820  minit                                     
00015862  EUSCI_A_UART_transmitBreak                
000158a2  __mspabi_divli                            
000158a2  __mspabi_remli                            
00015920  __mspabi_sral_15                          
00015924  __mspabi_sral_14                          
00015928  __mspabi_sral_13                          
0001592c  __mspabi_sral_12                          
00015930  __mspabi_sral_11                          
00015934  __mspabi_sral_10                          
00015938  __mspabi_sral_9                           
0001593c  __mspabi_sral_8                           
00015940  __mspabi_sral_7                           
00015944  __mspabi_sral_6                           
00015948  __mspabi_sral_5                           
0001594c  __mspabi_sral_4                           
00015950  __mspabi_sral_3                           
00015954  __mspabi_sral_2                           
00015958  __mspabi_sral_1                           
0001595e  __mspabi_slll_15                          
00015962  __mspabi_slll_14                          
00015966  __mspabi_slll_13                          
0001596a  __mspabi_slll_12                          
0001596e  __mspabi_slll_11                          
00015972  __mspabi_slll_10                          
00015976  __mspabi_slll_9                           
0001597a  __mspabi_slll_8                           
0001597e  __mspabi_slll_7                           
00015982  __mspabi_slll_6                           
00015986  __mspabi_slll_5                           
0001598a  __mspabi_slll_4                           
0001598e  __mspabi_slll_3                           
00015992  __mspabi_slll_2                           
00015996  __mspabi_slll_1                           
0001599c  __mspabi_srll_15                          
000159a0  __mspabi_srll_14                          
000159a4  __mspabi_srll_13                          
000159a8  __mspabi_srll_12                          
000159ac  __mspabi_srll_11                          
000159b0  __mspabi_srll_10                          
000159b4  __mspabi_srll_9                           
000159b8  __mspabi_srll_8                           
000159bc  __mspabi_srll_7                           
000159c0  __mspabi_srll_6                           
000159c4  __mspabi_srll_5                           
000159c8  __mspabi_srll_4                           
000159cc  __mspabi_srll_3                           
000159d0  __mspabi_srll_2                           
000159d4  __mspabi_srll_1                           
000159da  cout_data_channel                         
00015a16  fputs                                     
00015a52  CS_turnOnLFXT                             
00015a8c  __mspabi_sllll                            
00015ac6  __mspabi_srlll                            
00015b00  WriteCOM                                  
00015b38  owAcquire                                 
00015b70  signal                                    
00015ba8  _Feraise                                  
00015c4a  feraiseexcept                             
00015c7e  __mspabi_subd                             
00015cb0  raise                                     
00015ce2  Init_Clock                                
00015d12  logger_init                               
00015d42  __mspabi_negd                             
00015d70  strncat                                   
00015d9e  bsp_pins_initalize                        
00015dca  __mspabi_divi                             
00015dca  __mspabi_remi                             
00015df6  util_log_init                             
00015e20  ReadCOM                                   
00015e48  __mspabi_fixdi                            
00015e70  bsp_pin_setup                             
00015e96  __TI_zero_init                            
00015eba  EUSCI_A_UART_enableInterrupt              
00015edc  EUSCI_A_UART_transmitData                 
00015efe  fputc                                     
00015f20  __mspabi_mpyl_f5hw                        
00015f42  EUSCI_A_UART_receiveData                  
00015fc2  owRaiseError                              
00016002  memccpy                                   
00016020  strchr                                    
0001603c  docrc8                                    
00016056  msDelay                                   
0001606e  memset                                    
00016084  __mspabi_divu                             
00016084  __mspabi_remu                             
0001609a  __mspabi_mpyi_f5hw                        
000160b0  CloseCOM                                  
000160b0  owRelease                                 
000160d8  info_logger_log                           
000160ec  memcpy                                    
00016100  __TI_decompress_none                      
00016112  toupper                                   
00016124  __mspabi_sral                             
00016134  __mspabi_slll                             
00016144  __mspabi_srll                             
00016154  strlen                                    
00016162  EUSCI_B_SPI_transmitData                  
0001616e  __mspabi_fltid                            
0001617a  error_logger_log                          
00016186  BreakCOM                                  
00016190  EUSCI_A_UART_getInterruptStatus           
0001619a  EUSCI_B_SPI_isBusy                        
000161a4  EUSCI_B_SPI_receiveData                   
000161ae  abs                                       
000161b8  __mspabi_slli                             
000161c2  __mspabi_srli                             
000161cc  setcrc8                                   
000161d4  trace_logger_log                          
000161dc  EUSCI_A_UART_disable                      
000161e2  EUSCI_A_UART_enable                       
000161e8  EUSCI_B_SPI_enable                        
000161fa  __TI_decompress_rle24                     
00016200  __abort_execution                         
0001620c  _system_pre_init                          
00016210  C$$EXIT                                   
00016210  abort                                     
00016214  FlushCOM                                  
00016216  SetBaudCOM                                
00016218  _nop                                      
ffffffff  __binit__                                 
ffffffff  __c_args__                                
ffffffff  binit                                     
UNDEFED   __TI_INITARRAY_Base                       
UNDEFED   __TI_INITARRAY_Limit                      

[1648 symbols]
