<?xml version="1.0"?>
<link_info>
   <banner>MSP430 Linker Unix v4.4.7</banner>
   <copyright>Copyright (c) 2003-2015 Texas Instruments Incorporated</copyright>
   <link_time>0x56de1ae5</link_time>
   <link_errors>0x0</link_errors>
   <output_file>M906V1.out</output_file>
   <entry_point>
      <name>_c_int00_noargs_noexit</name>
      <address>0x758e</address>
   </entry_point>
   <input_file_list>
      <input_file id="fl-2">
         <path>./</path>
         <kind>object</kind>
         <file>bsp_pins.obj</file>
         <name>bsp_pins.obj</name>
      </input_file>
      <input_file id="fl-3">
         <path>./</path>
         <kind>object</kind>
         <file>bsp_pins_conf.obj</file>
         <name>bsp_pins_conf.obj</name>
      </input_file>
      <input_file id="fl-4">
         <path>./</path>
         <kind>object</kind>
         <file>bsp_uart.obj</file>
         <name>bsp_uart.obj</name>
      </input_file>
      <input_file id="fl-5">
         <path>./</path>
         <kind>object</kind>
         <file>drv_ds3234.obj</file>
         <name>drv_ds3234.obj</name>
      </input_file>
      <input_file id="fl-6">
         <path>./</path>
         <kind>object</kind>
         <file>drv_logger.obj</file>
         <name>drv_logger.obj</name>
      </input_file>
      <input_file id="fl-7">
         <path>./</path>
         <kind>object</kind>
         <file>main.obj</file>
         <name>main.obj</name>
      </input_file>
      <input_file id="fl-8">
         <path>./</path>
         <kind>object</kind>
         <file>ow_lnk.obj</file>
         <name>ow_lnk.obj</name>
      </input_file>
      <input_file id="fl-9">
         <path>./</path>
         <kind>object</kind>
         <file>util_log.obj</file>
         <name>util_log.obj</name>
      </input_file>
      <input_file id="fl-a">
         <path>./ow/</path>
         <kind>object</kind>
         <file>crcutil.obj</file>
         <name>crcutil.obj</name>
      </input_file>
      <input_file id="fl-b">
         <path>./ow/</path>
         <kind>object</kind>
         <file>ds2480ut.obj</file>
         <name>ds2480ut.obj</name>
      </input_file>
      <input_file id="fl-c">
         <path>./ow/</path>
         <kind>object</kind>
         <file>findtype.obj</file>
         <name>findtype.obj</name>
      </input_file>
      <input_file id="fl-d">
         <path>./ow/</path>
         <kind>object</kind>
         <file>mbnv.obj</file>
         <name>mbnv.obj</name>
      </input_file>
      <input_file id="fl-e">
         <path>./ow/</path>
         <kind>object</kind>
         <file>mbnvcrc.obj</file>
         <name>mbnvcrc.obj</name>
      </input_file>
      <input_file id="fl-f">
         <path>./ow/</path>
         <kind>object</kind>
         <file>mbscr.obj</file>
         <name>mbscr.obj</name>
      </input_file>
      <input_file id="fl-10">
         <path>./ow/</path>
         <kind>object</kind>
         <file>mbscrcrc.obj</file>
         <name>mbscrcrc.obj</name>
      </input_file>
      <input_file id="fl-11">
         <path>./ow/</path>
         <kind>object</kind>
         <file>mbscree.obj</file>
         <name>mbscree.obj</name>
      </input_file>
      <input_file id="fl-12">
         <path>./ow/</path>
         <kind>object</kind>
         <file>mbscrex.obj</file>
         <name>mbscrex.obj</name>
      </input_file>
      <input_file id="fl-13">
         <path>./ow/</path>
         <kind>object</kind>
         <file>mbsha.obj</file>
         <name>mbsha.obj</name>
      </input_file>
      <input_file id="fl-14">
         <path>./ow/</path>
         <kind>object</kind>
         <file>owerr.obj</file>
         <name>owerr.obj</name>
      </input_file>
      <input_file id="fl-15">
         <path>./ow/</path>
         <kind>object</kind>
         <file>owllu.obj</file>
         <name>owllu.obj</name>
      </input_file>
      <input_file id="fl-16">
         <path>./ow/</path>
         <kind>object</kind>
         <file>ownetu.obj</file>
         <name>ownetu.obj</name>
      </input_file>
      <input_file id="fl-17">
         <path>./ow/</path>
         <kind>object</kind>
         <file>owsesu.obj</file>
         <name>owsesu.obj</name>
      </input_file>
      <input_file id="fl-18">
         <path>./ow/</path>
         <kind>object</kind>
         <file>owtrnu.obj</file>
         <name>owtrnu.obj</name>
      </input_file>
      <input_file id="fl-19">
         <path>./driverlib/MSP430FR5xx_6xx/</path>
         <kind>object</kind>
         <file>adc12_b.obj</file>
         <name>adc12_b.obj</name>
      </input_file>
      <input_file id="fl-1a">
         <path>./driverlib/MSP430FR5xx_6xx/</path>
         <kind>object</kind>
         <file>aes256.obj</file>
         <name>aes256.obj</name>
      </input_file>
      <input_file id="fl-1b">
         <path>./driverlib/MSP430FR5xx_6xx/</path>
         <kind>object</kind>
         <file>comp_e.obj</file>
         <name>comp_e.obj</name>
      </input_file>
      <input_file id="fl-1c">
         <path>./driverlib/MSP430FR5xx_6xx/</path>
         <kind>object</kind>
         <file>crc.obj</file>
         <name>crc.obj</name>
      </input_file>
      <input_file id="fl-1d">
         <path>./driverlib/MSP430FR5xx_6xx/</path>
         <kind>object</kind>
         <file>crc32.obj</file>
         <name>crc32.obj</name>
      </input_file>
      <input_file id="fl-1e">
         <path>./driverlib/MSP430FR5xx_6xx/</path>
         <kind>object</kind>
         <file>cs.obj</file>
         <name>cs.obj</name>
      </input_file>
      <input_file id="fl-1f">
         <path>./driverlib/MSP430FR5xx_6xx/</path>
         <kind>object</kind>
         <file>dma.obj</file>
         <name>dma.obj</name>
      </input_file>
      <input_file id="fl-20">
         <path>./driverlib/MSP430FR5xx_6xx/</path>
         <kind>object</kind>
         <file>esi.obj</file>
         <name>esi.obj</name>
      </input_file>
      <input_file id="fl-21">
         <path>./driverlib/MSP430FR5xx_6xx/</path>
         <kind>object</kind>
         <file>eusci_a_spi.obj</file>
         <name>eusci_a_spi.obj</name>
      </input_file>
      <input_file id="fl-22">
         <path>./driverlib/MSP430FR5xx_6xx/</path>
         <kind>object</kind>
         <file>eusci_a_uart.obj</file>
         <name>eusci_a_uart.obj</name>
      </input_file>
      <input_file id="fl-23">
         <path>./driverlib/MSP430FR5xx_6xx/</path>
         <kind>object</kind>
         <file>eusci_b_i2c.obj</file>
         <name>eusci_b_i2c.obj</name>
      </input_file>
      <input_file id="fl-24">
         <path>./driverlib/MSP430FR5xx_6xx/</path>
         <kind>object</kind>
         <file>eusci_b_spi.obj</file>
         <name>eusci_b_spi.obj</name>
      </input_file>
      <input_file id="fl-25">
         <path>./driverlib/MSP430FR5xx_6xx/</path>
         <kind>object</kind>
         <file>framctl.obj</file>
         <name>framctl.obj</name>
      </input_file>
      <input_file id="fl-26">
         <path>./driverlib/MSP430FR5xx_6xx/</path>
         <kind>object</kind>
         <file>gpio.obj</file>
         <name>gpio.obj</name>
      </input_file>
      <input_file id="fl-27">
         <path>./driverlib/MSP430FR5xx_6xx/</path>
         <kind>object</kind>
         <file>lcd_c.obj</file>
         <name>lcd_c.obj</name>
      </input_file>
      <input_file id="fl-28">
         <path>./driverlib/MSP430FR5xx_6xx/</path>
         <kind>object</kind>
         <file>mpu.obj</file>
         <name>mpu.obj</name>
      </input_file>
      <input_file id="fl-29">
         <path>./driverlib/MSP430FR5xx_6xx/</path>
         <kind>object</kind>
         <file>mpy32.obj</file>
         <name>mpy32.obj</name>
      </input_file>
      <input_file id="fl-2a">
         <path>./driverlib/MSP430FR5xx_6xx/</path>
         <kind>object</kind>
         <file>pmm.obj</file>
         <name>pmm.obj</name>
      </input_file>
      <input_file id="fl-2b">
         <path>./driverlib/MSP430FR5xx_6xx/</path>
         <kind>object</kind>
         <file>ram.obj</file>
         <name>ram.obj</name>
      </input_file>
      <input_file id="fl-2c">
         <path>./driverlib/MSP430FR5xx_6xx/</path>
         <kind>object</kind>
         <file>ref_a.obj</file>
         <name>ref_a.obj</name>
      </input_file>
      <input_file id="fl-2d">
         <path>./driverlib/MSP430FR5xx_6xx/</path>
         <kind>object</kind>
         <file>rtc_b.obj</file>
         <name>rtc_b.obj</name>
      </input_file>
      <input_file id="fl-2e">
         <path>./driverlib/MSP430FR5xx_6xx/</path>
         <kind>object</kind>
         <file>rtc_c.obj</file>
         <name>rtc_c.obj</name>
      </input_file>
      <input_file id="fl-2f">
         <path>./driverlib/MSP430FR5xx_6xx/</path>
         <kind>object</kind>
         <file>sfr.obj</file>
         <name>sfr.obj</name>
      </input_file>
      <input_file id="fl-30">
         <path>./driverlib/MSP430FR5xx_6xx/</path>
         <kind>object</kind>
         <file>sysctl.obj</file>
         <name>sysctl.obj</name>
      </input_file>
      <input_file id="fl-31">
         <path>./driverlib/MSP430FR5xx_6xx/</path>
         <kind>object</kind>
         <file>timer_a.obj</file>
         <name>timer_a.obj</name>
      </input_file>
      <input_file id="fl-32">
         <path>./driverlib/MSP430FR5xx_6xx/</path>
         <kind>object</kind>
         <file>timer_b.obj</file>
         <name>timer_b.obj</name>
      </input_file>
      <input_file id="fl-33">
         <path>./driverlib/MSP430FR5xx_6xx/</path>
         <kind>object</kind>
         <file>tlv.obj</file>
         <name>tlv.obj</name>
      </input_file>
      <input_file id="fl-34">
         <path>./driverlib/MSP430FR5xx_6xx/</path>
         <kind>object</kind>
         <file>wdt_a.obj</file>
         <name>wdt_a.obj</name>
      </input_file>
      <input_file id="fl-69">
         <path>/home/developer/ti/ccsv6/tools/compiler/ti-cgt-msp430_4.4.7/lib/</path>
         <kind>archive</kind>
         <file>rts430x_lc_rd_eabi.lib</file>
         <name>copy_decompress_none.obj</name>
      </input_file>
      <input_file id="fl-6a">
         <path>/home/developer/ti/ccsv6/tools/compiler/ti-cgt-msp430_4.4.7/lib/</path>
         <kind>archive</kind>
         <file>rts430x_lc_rd_eabi.lib</file>
         <name>copy_decompress_rle.obj</name>
      </input_file>
      <input_file id="fl-6b">
         <path>/home/developer/ti/ccsv6/tools/compiler/ti-cgt-msp430_4.4.7/lib/</path>
         <kind>archive</kind>
         <file>rts430x_lc_rd_eabi.lib</file>
         <name>int27.obj</name>
      </input_file>
      <input_file id="fl-6c">
         <path>/home/developer/ti/ccsv6/tools/compiler/ti-cgt-msp430_4.4.7/lib/</path>
         <kind>archive</kind>
         <file>rts430x_lc_rd_eabi.lib</file>
         <name>isr_trap.obj</name>
      </input_file>
      <input_file id="fl-6d">
         <path>/home/developer/ti/ccsv6/tools/compiler/ti-cgt-msp430_4.4.7/lib/</path>
         <kind>archive</kind>
         <file>rts430x_lc_rd_eabi.lib</file>
         <name>int28.obj</name>
      </input_file>
      <input_file id="fl-6e">
         <path>/home/developer/ti/ccsv6/tools/compiler/ti-cgt-msp430_4.4.7/lib/</path>
         <kind>archive</kind>
         <file>rts430x_lc_rd_eabi.lib</file>
         <name>int29.obj</name>
      </input_file>
      <input_file id="fl-6f">
         <path>/home/developer/ti/ccsv6/tools/compiler/ti-cgt-msp430_4.4.7/lib/</path>
         <kind>archive</kind>
         <file>rts430x_lc_rd_eabi.lib</file>
         <name>int30.obj</name>
      </input_file>
      <input_file id="fl-70">
         <path>/home/developer/ti/ccsv6/tools/compiler/ti-cgt-msp430_4.4.7/lib/</path>
         <kind>archive</kind>
         <file>rts430x_lc_rd_eabi.lib</file>
         <name>int31.obj</name>
      </input_file>
      <input_file id="fl-71">
         <path>/home/developer/ti/ccsv6/tools/compiler/ti-cgt-msp430_4.4.7/lib/</path>
         <kind>archive</kind>
         <file>rts430x_lc_rd_eabi.lib</file>
         <name>int32.obj</name>
      </input_file>
      <input_file id="fl-72">
         <path>/home/developer/ti/ccsv6/tools/compiler/ti-cgt-msp430_4.4.7/lib/</path>
         <kind>archive</kind>
         <file>rts430x_lc_rd_eabi.lib</file>
         <name>int33.obj</name>
      </input_file>
      <input_file id="fl-73">
         <path>/home/developer/ti/ccsv6/tools/compiler/ti-cgt-msp430_4.4.7/lib/</path>
         <kind>archive</kind>
         <file>rts430x_lc_rd_eabi.lib</file>
         <name>int34.obj</name>
      </input_file>
      <input_file id="fl-74">
         <path>/home/developer/ti/ccsv6/tools/compiler/ti-cgt-msp430_4.4.7/lib/</path>
         <kind>archive</kind>
         <file>rts430x_lc_rd_eabi.lib</file>
         <name>int35.obj</name>
      </input_file>
      <input_file id="fl-75">
         <path>/home/developer/ti/ccsv6/tools/compiler/ti-cgt-msp430_4.4.7/lib/</path>
         <kind>archive</kind>
         <file>rts430x_lc_rd_eabi.lib</file>
         <name>int36.obj</name>
      </input_file>
      <input_file id="fl-76">
         <path>/home/developer/ti/ccsv6/tools/compiler/ti-cgt-msp430_4.4.7/lib/</path>
         <kind>archive</kind>
         <file>rts430x_lc_rd_eabi.lib</file>
         <name>int37.obj</name>
      </input_file>
      <input_file id="fl-77">
         <path>/home/developer/ti/ccsv6/tools/compiler/ti-cgt-msp430_4.4.7/lib/</path>
         <kind>archive</kind>
         <file>rts430x_lc_rd_eabi.lib</file>
         <name>int38.obj</name>
      </input_file>
      <input_file id="fl-78">
         <path>/home/developer/ti/ccsv6/tools/compiler/ti-cgt-msp430_4.4.7/lib/</path>
         <kind>archive</kind>
         <file>rts430x_lc_rd_eabi.lib</file>
         <name>int39.obj</name>
      </input_file>
      <input_file id="fl-79">
         <path>/home/developer/ti/ccsv6/tools/compiler/ti-cgt-msp430_4.4.7/lib/</path>
         <kind>archive</kind>
         <file>rts430x_lc_rd_eabi.lib</file>
         <name>int40.obj</name>
      </input_file>
      <input_file id="fl-7a">
         <path>/home/developer/ti/ccsv6/tools/compiler/ti-cgt-msp430_4.4.7/lib/</path>
         <kind>archive</kind>
         <file>rts430x_lc_rd_eabi.lib</file>
         <name>int41.obj</name>
      </input_file>
      <input_file id="fl-7b">
         <path>/home/developer/ti/ccsv6/tools/compiler/ti-cgt-msp430_4.4.7/lib/</path>
         <kind>archive</kind>
         <file>rts430x_lc_rd_eabi.lib</file>
         <name>int42.obj</name>
      </input_file>
      <input_file id="fl-7c">
         <path>/home/developer/ti/ccsv6/tools/compiler/ti-cgt-msp430_4.4.7/lib/</path>
         <kind>archive</kind>
         <file>rts430x_lc_rd_eabi.lib</file>
         <name>int43.obj</name>
      </input_file>
      <input_file id="fl-7d">
         <path>/home/developer/ti/ccsv6/tools/compiler/ti-cgt-msp430_4.4.7/lib/</path>
         <kind>archive</kind>
         <file>rts430x_lc_rd_eabi.lib</file>
         <name>int44.obj</name>
      </input_file>
      <input_file id="fl-7e">
         <path>/home/developer/ti/ccsv6/tools/compiler/ti-cgt-msp430_4.4.7/lib/</path>
         <kind>archive</kind>
         <file>rts430x_lc_rd_eabi.lib</file>
         <name>int45.obj</name>
      </input_file>
      <input_file id="fl-7f">
         <path>/home/developer/ti/ccsv6/tools/compiler/ti-cgt-msp430_4.4.7/lib/</path>
         <kind>archive</kind>
         <file>rts430x_lc_rd_eabi.lib</file>
         <name>int46.obj</name>
      </input_file>
      <input_file id="fl-80">
         <path>/home/developer/ti/ccsv6/tools/compiler/ti-cgt-msp430_4.4.7/lib/</path>
         <kind>archive</kind>
         <file>rts430x_lc_rd_eabi.lib</file>
         <name>int48.obj</name>
      </input_file>
      <input_file id="fl-81">
         <path>/home/developer/ti/ccsv6/tools/compiler/ti-cgt-msp430_4.4.7/lib/</path>
         <kind>archive</kind>
         <file>rts430x_lc_rd_eabi.lib</file>
         <name>int49.obj</name>
      </input_file>
      <input_file id="fl-82">
         <path>/home/developer/ti/ccsv6/tools/compiler/ti-cgt-msp430_4.4.7/lib/</path>
         <kind>archive</kind>
         <file>rts430x_lc_rd_eabi.lib</file>
         <name>int50.obj</name>
      </input_file>
      <input_file id="fl-83">
         <path>/home/developer/ti/ccsv6/tools/compiler/ti-cgt-msp430_4.4.7/lib/</path>
         <kind>archive</kind>
         <file>rts430x_lc_rd_eabi.lib</file>
         <name>int51.obj</name>
      </input_file>
      <input_file id="fl-84">
         <path>/home/developer/ti/ccsv6/tools/compiler/ti-cgt-msp430_4.4.7/lib/</path>
         <kind>archive</kind>
         <file>rts430x_lc_rd_eabi.lib</file>
         <name>int52.obj</name>
      </input_file>
      <input_file id="fl-85">
         <path>/home/developer/ti/ccsv6/tools/compiler/ti-cgt-msp430_4.4.7/lib/</path>
         <kind>archive</kind>
         <file>rts430x_lc_rd_eabi.lib</file>
         <name>int53.obj</name>
      </input_file>
      <input_file id="fl-86">
         <path>/home/developer/ti/ccsv6/tools/compiler/ti-cgt-msp430_4.4.7/lib/</path>
         <kind>archive</kind>
         <file>rts430x_lc_rd_eabi.lib</file>
         <name>int54.obj</name>
      </input_file>
      <input_file id="fl-87">
         <path>/home/developer/ti/ccsv6/tools/compiler/ti-cgt-msp430_4.4.7/lib/</path>
         <kind>archive</kind>
         <file>rts430x_lc_rd_eabi.lib</file>
         <name>copy_zero_init.obj</name>
      </input_file>
      <input_file id="fl-88">
         <path>/home/developer/ti/ccsv6/tools/compiler/ti-cgt-msp430_4.4.7/lib/</path>
         <kind>archive</kind>
         <file>rts430x_lc_rd_eabi.lib</file>
         <name>div16s.obj</name>
      </input_file>
      <input_file id="fl-89">
         <path>/home/developer/ti/ccsv6/tools/compiler/ti-cgt-msp430_4.4.7/lib/</path>
         <kind>archive</kind>
         <file>rts430x_lc_rd_eabi.lib</file>
         <name>div32s.obj</name>
      </input_file>
      <input_file id="fl-8a">
         <path>/home/developer/ti/ccsv6/tools/compiler/ti-cgt-msp430_4.4.7/lib/</path>
         <kind>archive</kind>
         <file>rts430x_lc_rd_eabi.lib</file>
         <name>div16u.obj</name>
      </input_file>
      <input_file id="fl-8b">
         <path>/home/developer/ti/ccsv6/tools/compiler/ti-cgt-msp430_4.4.7/lib/</path>
         <kind>archive</kind>
         <file>rts430x_lc_rd_eabi.lib</file>
         <name>div32u.obj</name>
      </input_file>
      <input_file id="fl-8c">
         <path>/home/developer/ti/ccsv6/tools/compiler/ti-cgt-msp430_4.4.7/lib/</path>
         <kind>archive</kind>
         <file>rts430x_lc_rd_eabi.lib</file>
         <name>mult16.obj</name>
      </input_file>
      <input_file id="fl-8d">
         <path>/home/developer/ti/ccsv6/tools/compiler/ti-cgt-msp430_4.4.7/lib/</path>
         <kind>archive</kind>
         <file>rts430x_lc_rd_eabi.lib</file>
         <name>mult16_f5hw.obj</name>
      </input_file>
      <input_file id="fl-8e">
         <path>/home/developer/ti/ccsv6/tools/compiler/ti-cgt-msp430_4.4.7/lib/</path>
         <kind>archive</kind>
         <file>rts430x_lc_rd_eabi.lib</file>
         <name>mult32_f5hw.obj</name>
      </input_file>
      <input_file id="fl-8f">
         <path>/home/developer/ti/ccsv6/tools/compiler/ti-cgt-msp430_4.4.7/lib/</path>
         <kind>archive</kind>
         <file>rts430x_lc_rd_eabi.lib</file>
         <name>mult64_f5hw.obj</name>
      </input_file>
      <input_file id="fl-90">
         <path>/home/developer/ti/ccsv6/tools/compiler/ti-cgt-msp430_4.4.7/lib/</path>
         <kind>archive</kind>
         <file>rts430x_lc_rd_eabi.lib</file>
         <name>mult1632_f5hw.obj</name>
      </input_file>
      <input_file id="fl-91">
         <path>/home/developer/ti/ccsv6/tools/compiler/ti-cgt-msp430_4.4.7/lib/</path>
         <kind>archive</kind>
         <file>rts430x_lc_rd_eabi.lib</file>
         <name>mult3264_f5hw.obj</name>
      </input_file>
      <input_file id="fl-92">
         <path>/home/developer/ti/ccsv6/tools/compiler/ti-cgt-msp430_4.4.7/lib/</path>
         <kind>archive</kind>
         <file>rts430x_lc_rd_eabi.lib</file>
         <name>lsl16.obj</name>
      </input_file>
      <input_file id="fl-93">
         <path>/home/developer/ti/ccsv6/tools/compiler/ti-cgt-msp430_4.4.7/lib/</path>
         <kind>archive</kind>
         <file>rts430x_lc_rd_eabi.lib</file>
         <name>asr16.obj</name>
      </input_file>
      <input_file id="fl-94">
         <path>/home/developer/ti/ccsv6/tools/compiler/ti-cgt-msp430_4.4.7/lib/</path>
         <kind>archive</kind>
         <file>rts430x_lc_rd_eabi.lib</file>
         <name>lsr16.obj</name>
      </input_file>
      <input_file id="fl-95">
         <path>/home/developer/ti/ccsv6/tools/compiler/ti-cgt-msp430_4.4.7/lib/</path>
         <kind>archive</kind>
         <file>rts430x_lc_rd_eabi.lib</file>
         <name>vla_alloc.obj</name>
      </input_file>
      <input_file id="fl-96">
         <path>/home/developer/ti/ccsv6/tools/compiler/ti-cgt-msp430_4.4.7/lib/</path>
         <kind>archive</kind>
         <file>rts430x_lc_rd_eabi.lib</file>
         <name>error.obj</name>
      </input_file>
      <input_file id="fl-97">
         <path>/home/developer/ti/ccsv6/tools/compiler/ti-cgt-msp430_4.4.7/lib/</path>
         <kind>archive</kind>
         <file>rts430x_lc_rd_eabi.lib</file>
         <name>boot.obj</name>
      </input_file>
      <input_file id="fl-98">
         <path>/home/developer/ti/ccsv6/tools/compiler/ti-cgt-msp430_4.4.7/lib/</path>
         <kind>archive</kind>
         <file>rts430x_lc_rd_eabi.lib</file>
         <name>args_main.obj</name>
      </input_file>
      <input_file id="fl-99">
         <path>/home/developer/ti/ccsv6/tools/compiler/ti-cgt-msp430_4.4.7/lib/</path>
         <kind>archive</kind>
         <file>rts430x_lc_rd_eabi.lib</file>
         <name>autoinit_wdt.obj</name>
      </input_file>
      <input_file id="fl-9a">
         <path>/home/developer/ti/ccsv6/tools/compiler/ti-cgt-msp430_4.4.7/lib/</path>
         <kind>archive</kind>
         <file>rts430x_lc_rd_eabi.lib</file>
         <name>boot_special.obj</name>
      </input_file>
      <input_file id="fl-9b">
         <path>/home/developer/ti/ccsv6/tools/compiler/ti-cgt-msp430_4.4.7/lib/</path>
         <kind>archive</kind>
         <file>rts430x_lc_rd_eabi.lib</file>
         <name>mpu_init.obj</name>
      </input_file>
      <input_file id="fl-9c">
         <path>/home/developer/ti/ccsv6/tools/compiler/ti-cgt-msp430_4.4.7/lib/</path>
         <kind>archive</kind>
         <file>rts430x_lc_rd_eabi.lib</file>
         <name>defs.obj</name>
      </input_file>
      <input_file id="fl-9d">
         <path>/home/developer/ti/ccsv6/tools/compiler/ti-cgt-msp430_4.4.7/lib/</path>
         <kind>archive</kind>
         <file>rts430x_lc_rd_eabi.lib</file>
         <name>pre_init.obj</name>
      </input_file>
      <input_file id="fl-9e">
         <path>/home/developer/ti/ccsv6/tools/compiler/ti-cgt-msp430_4.4.7/lib/</path>
         <kind>archive</kind>
         <file>rts430x_lc_rd_eabi.lib</file>
         <name>exit.obj</name>
      </input_file>
      <input_file id="fl-9f">
         <path>/home/developer/ti/ccsv6/tools/compiler/ti-cgt-msp430_4.4.7/lib/</path>
         <kind>archive</kind>
         <file>rts430x_lc_rd_eabi.lib</file>
         <name>exit_gvars.obj</name>
      </input_file>
      <input_file id="fl-a0">
         <path>/home/developer/ti/ccsv6/tools/compiler/ti-cgt-msp430_4.4.7/lib/</path>
         <kind>archive</kind>
         <file>rts430x_lc_rd_eabi.lib</file>
         <name>_lock.obj</name>
      </input_file>
      <input_file id="fl-a1">
         <path>/home/developer/ti/ccsv6/tools/compiler/ti-cgt-msp430_4.4.7/lib/</path>
         <kind>archive</kind>
         <file>rts430x_lc_rd_eabi.lib</file>
         <name>fprintf.obj</name>
      </input_file>
      <input_file id="fl-a2">
         <path>/home/developer/ti/ccsv6/tools/compiler/ti-cgt-msp430_4.4.7/lib/</path>
         <kind>archive</kind>
         <file>rts430x_lc_rd_eabi.lib</file>
         <name>_printfi.obj</name>
      </input_file>
      <input_file id="fl-a3">
         <path>/home/developer/ti/ccsv6/tools/compiler/ti-cgt-msp430_4.4.7/lib/</path>
         <kind>archive</kind>
         <file>rts430x_lc_rd_eabi.lib</file>
         <name>xdclass.obj</name>
      </input_file>
      <input_file id="fl-a4">
         <path>/home/developer/ti/ccsv6/tools/compiler/ti-cgt-msp430_4.4.7/lib/</path>
         <kind>archive</kind>
         <file>rts430x_lc_rd_eabi.lib</file>
         <name>cmpd.obj</name>
      </input_file>
      <input_file id="fl-a5">
         <path>/home/developer/ti/ccsv6/tools/compiler/ti-cgt-msp430_4.4.7/lib/</path>
         <kind>archive</kind>
         <file>rts430x_lc_rd_eabi.lib</file>
         <name>divd.obj</name>
      </input_file>
      <input_file id="fl-a6">
         <path>/home/developer/ti/ccsv6/tools/compiler/ti-cgt-msp430_4.4.7/lib/</path>
         <kind>archive</kind>
         <file>rts430x_lc_rd_eabi.lib</file>
         <name>frcdivd.obj</name>
      </input_file>
      <input_file id="fl-a7">
         <path>/home/developer/ti/ccsv6/tools/compiler/ti-cgt-msp430_4.4.7/lib/</path>
         <kind>archive</kind>
         <file>rts430x_lc_rd_eabi.lib</file>
         <name>div64u.obj</name>
      </input_file>
      <input_file id="fl-a8">
         <path>/home/developer/ti/ccsv6/tools/compiler/ti-cgt-msp430_4.4.7/lib/</path>
         <kind>archive</kind>
         <file>rts430x_lc_rd_eabi.lib</file>
         <name>fixdi.obj</name>
      </input_file>
      <input_file id="fl-a9">
         <path>/home/developer/ti/ccsv6/tools/compiler/ti-cgt-msp430_4.4.7/lib/</path>
         <kind>archive</kind>
         <file>rts430x_lc_rd_eabi.lib</file>
         <name>fixdli.obj</name>
      </input_file>
      <input_file id="fl-aa">
         <path>/home/developer/ti/ccsv6/tools/compiler/ti-cgt-msp430_4.4.7/lib/</path>
         <kind>archive</kind>
         <file>rts430x_lc_rd_eabi.lib</file>
         <name>fltid.obj</name>
      </input_file>
      <input_file id="fl-ab">
         <path>/home/developer/ti/ccsv6/tools/compiler/ti-cgt-msp430_4.4.7/lib/</path>
         <kind>archive</kind>
         <file>rts430x_lc_rd_eabi.lib</file>
         <name>fltlid.obj</name>
      </input_file>
      <input_file id="fl-ac">
         <path>/home/developer/ti/ccsv6/tools/compiler/ti-cgt-msp430_4.4.7/lib/</path>
         <kind>archive</kind>
         <file>rts430x_lc_rd_eabi.lib</file>
         <name>mpyd.obj</name>
      </input_file>
      <input_file id="fl-ad">
         <path>/home/developer/ti/ccsv6/tools/compiler/ti-cgt-msp430_4.4.7/lib/</path>
         <kind>archive</kind>
         <file>rts430x_lc_rd_eabi.lib</file>
         <name>frcmpyd.obj</name>
      </input_file>
      <input_file id="fl-ae">
         <path>/home/developer/ti/ccsv6/tools/compiler/ti-cgt-msp430_4.4.7/lib/</path>
         <kind>archive</kind>
         <file>rts430x_lc_rd_eabi.lib</file>
         <name>mult32.obj</name>
      </input_file>
      <input_file id="fl-af">
         <path>/home/developer/ti/ccsv6/tools/compiler/ti-cgt-msp430_4.4.7/lib/</path>
         <kind>archive</kind>
         <file>rts430x_lc_rd_eabi.lib</file>
         <name>negd.obj</name>
      </input_file>
      <input_file id="fl-b0">
         <path>/home/developer/ti/ccsv6/tools/compiler/ti-cgt-msp430_4.4.7/lib/</path>
         <kind>archive</kind>
         <file>rts430x_lc_rd_eabi.lib</file>
         <name>lsl32.obj</name>
      </input_file>
      <input_file id="fl-b1">
         <path>/home/developer/ti/ccsv6/tools/compiler/ti-cgt-msp430_4.4.7/lib/</path>
         <kind>archive</kind>
         <file>rts430x_lc_rd_eabi.lib</file>
         <name>lsl64.obj</name>
      </input_file>
      <input_file id="fl-b2">
         <path>/home/developer/ti/ccsv6/tools/compiler/ti-cgt-msp430_4.4.7/lib/</path>
         <kind>archive</kind>
         <file>rts430x_lc_rd_eabi.lib</file>
         <name>asr32.obj</name>
      </input_file>
      <input_file id="fl-b3">
         <path>/home/developer/ti/ccsv6/tools/compiler/ti-cgt-msp430_4.4.7/lib/</path>
         <kind>archive</kind>
         <file>rts430x_lc_rd_eabi.lib</file>
         <name>lsr32.obj</name>
      </input_file>
      <input_file id="fl-b4">
         <path>/home/developer/ti/ccsv6/tools/compiler/ti-cgt-msp430_4.4.7/lib/</path>
         <kind>archive</kind>
         <file>rts430x_lc_rd_eabi.lib</file>
         <name>lsr64.obj</name>
      </input_file>
      <input_file id="fl-b5">
         <path>/home/developer/ti/ccsv6/tools/compiler/ti-cgt-msp430_4.4.7/lib/</path>
         <kind>archive</kind>
         <file>rts430x_lc_rd_eabi.lib</file>
         <name>subd.obj</name>
      </input_file>
      <input_file id="fl-b6">
         <path>/home/developer/ti/ccsv6/tools/compiler/ti-cgt-msp430_4.4.7/lib/</path>
         <kind>archive</kind>
         <file>rts430x_lc_rd_eabi.lib</file>
         <name>addd.obj</name>
      </input_file>
      <input_file id="fl-b7">
         <path>/home/developer/ti/ccsv6/tools/compiler/ti-cgt-msp430_4.4.7/lib/</path>
         <kind>archive</kind>
         <file>rts430x_lc_rd_eabi.lib</file>
         <name>frcaddd.obj</name>
      </input_file>
      <input_file id="fl-b8">
         <path>/home/developer/ti/ccsv6/tools/compiler/ti-cgt-msp430_4.4.7/lib/</path>
         <kind>archive</kind>
         <file>rts430x_lc_rd_eabi.lib</file>
         <name>renormd.obj</name>
      </input_file>
      <input_file id="fl-b9">
         <path>/home/developer/ti/ccsv6/tools/compiler/ti-cgt-msp430_4.4.7/lib/</path>
         <kind>archive</kind>
         <file>rts430x_lc_rd_eabi.lib</file>
         <name>atoi.obj</name>
      </input_file>
      <input_file id="fl-ba">
         <path>/home/developer/ti/ccsv6/tools/compiler/ti-cgt-msp430_4.4.7/lib/</path>
         <kind>archive</kind>
         <file>rts430x_lc_rd_eabi.lib</file>
         <name>ctype.obj</name>
      </input_file>
      <input_file id="fl-bb">
         <path>/home/developer/ti/ccsv6/tools/compiler/ti-cgt-msp430_4.4.7/lib/</path>
         <kind>archive</kind>
         <file>rts430x_lc_rd_eabi.lib</file>
         <name>memory.obj</name>
      </input_file>
      <input_file id="fl-bc">
         <path>/home/developer/ti/ccsv6/tools/compiler/ti-cgt-msp430_4.4.7/lib/</path>
         <kind>archive</kind>
         <file>rts430x_lc_rd_eabi.lib</file>
         <name>frexp.obj</name>
      </input_file>
      <input_file id="fl-bd">
         <path>/home/developer/ti/ccsv6/tools/compiler/ti-cgt-msp430_4.4.7/lib/</path>
         <kind>archive</kind>
         <file>rts430x_lc_rd_eabi.lib</file>
         <name>xdunscal.obj</name>
      </input_file>
      <input_file id="fl-be">
         <path>/home/developer/ti/ccsv6/tools/compiler/ti-cgt-msp430_4.4.7/lib/</path>
         <kind>archive</kind>
         <file>rts430x_lc_rd_eabi.lib</file>
         <name>xdnorm.obj</name>
      </input_file>
      <input_file id="fl-bf">
         <path>/home/developer/ti/ccsv6/tools/compiler/ti-cgt-msp430_4.4.7/lib/</path>
         <kind>archive</kind>
         <file>rts430x_lc_rd_eabi.lib</file>
         <name>ldexp.obj</name>
      </input_file>
      <input_file id="fl-c0">
         <path>/home/developer/ti/ccsv6/tools/compiler/ti-cgt-msp430_4.4.7/lib/</path>
         <kind>archive</kind>
         <file>rts430x_lc_rd_eabi.lib</file>
         <name>xdscale.obj</name>
      </input_file>
      <input_file id="fl-c1">
         <path>/home/developer/ti/ccsv6/tools/compiler/ti-cgt-msp430_4.4.7/lib/</path>
         <kind>archive</kind>
         <file>rts430x_lc_rd_eabi.lib</file>
         <name>xferaise.obj</name>
      </input_file>
      <input_file id="fl-c2">
         <path>/home/developer/ti/ccsv6/tools/compiler/ti-cgt-msp430_4.4.7/lib/</path>
         <kind>archive</kind>
         <file>rts430x_lc_rd_eabi.lib</file>
         <name>errno.obj</name>
      </input_file>
      <input_file id="fl-c3">
         <path>/home/developer/ti/ccsv6/tools/compiler/ti-cgt-msp430_4.4.7/lib/</path>
         <kind>archive</kind>
         <file>rts430x_lc_rd_eabi.lib</file>
         <name>xvalues.obj</name>
      </input_file>
      <input_file id="fl-c4">
         <path>/home/developer/ti/ccsv6/tools/compiler/ti-cgt-msp430_4.4.7/lib/</path>
         <kind>archive</kind>
         <file>rts430x_lc_rd_eabi.lib</file>
         <name>feraiseexcept.obj</name>
      </input_file>
      <input_file id="fl-c5">
         <path>/home/developer/ti/ccsv6/tools/compiler/ti-cgt-msp430_4.4.7/lib/</path>
         <kind>archive</kind>
         <file>rts430x_lc_rd_eabi.lib</file>
         <name>ltoa.obj</name>
      </input_file>
      <input_file id="fl-c6">
         <path>/home/developer/ti/ccsv6/tools/compiler/ti-cgt-msp430_4.4.7/lib/</path>
         <kind>archive</kind>
         <file>rts430x_lc_rd_eabi.lib</file>
         <name>abs.obj</name>
      </input_file>
      <input_file id="fl-c7">
         <path>/home/developer/ti/ccsv6/tools/compiler/ti-cgt-msp430_4.4.7/lib/</path>
         <kind>archive</kind>
         <file>rts430x_lc_rd_eabi.lib</file>
         <name>memccpy.obj</name>
      </input_file>
      <input_file id="fl-c8">
         <path>/home/developer/ti/ccsv6/tools/compiler/ti-cgt-msp430_4.4.7/lib/</path>
         <kind>archive</kind>
         <file>rts430x_lc_rd_eabi.lib</file>
         <name>memcpy.obj</name>
      </input_file>
      <input_file id="fl-c9">
         <path>/home/developer/ti/ccsv6/tools/compiler/ti-cgt-msp430_4.4.7/lib/</path>
         <kind>archive</kind>
         <file>rts430x_lc_rd_eabi.lib</file>
         <name>memset.obj</name>
      </input_file>
      <input_file id="fl-ca">
         <path>/home/developer/ti/ccsv6/tools/compiler/ti-cgt-msp430_4.4.7/lib/</path>
         <kind>archive</kind>
         <file>rts430x_lc_rd_eabi.lib</file>
         <name>printf.obj</name>
      </input_file>
      <input_file id="fl-cb">
         <path>/home/developer/ti/ccsv6/tools/compiler/ti-cgt-msp430_4.4.7/lib/</path>
         <kind>archive</kind>
         <file>rts430x_lc_rd_eabi.lib</file>
         <name>raise.obj</name>
      </input_file>
      <input_file id="fl-cc">
         <path>/home/developer/ti/ccsv6/tools/compiler/ti-cgt-msp430_4.4.7/lib/</path>
         <kind>archive</kind>
         <file>rts430x_lc_rd_eabi.lib</file>
         <name>signal.obj</name>
      </input_file>
      <input_file id="fl-cd">
         <path>/home/developer/ti/ccsv6/tools/compiler/ti-cgt-msp430_4.4.7/lib/</path>
         <kind>archive</kind>
         <file>rts430x_lc_rd_eabi.lib</file>
         <name>snprintf.obj</name>
      </input_file>
      <input_file id="fl-ce">
         <path>/home/developer/ti/ccsv6/tools/compiler/ti-cgt-msp430_4.4.7/lib/</path>
         <kind>archive</kind>
         <file>rts430x_lc_rd_eabi.lib</file>
         <name>sprintf.obj</name>
      </input_file>
      <input_file id="fl-cf">
         <path>/home/developer/ti/ccsv6/tools/compiler/ti-cgt-msp430_4.4.7/lib/</path>
         <kind>archive</kind>
         <file>rts430x_lc_rd_eabi.lib</file>
         <name>strchr.obj</name>
      </input_file>
      <input_file id="fl-d0">
         <path>/home/developer/ti/ccsv6/tools/compiler/ti-cgt-msp430_4.4.7/lib/</path>
         <kind>archive</kind>
         <file>rts430x_lc_rd_eabi.lib</file>
         <name>strlen.obj</name>
      </input_file>
      <input_file id="fl-d1">
         <path>/home/developer/ti/ccsv6/tools/compiler/ti-cgt-msp430_4.4.7/lib/</path>
         <kind>archive</kind>
         <file>rts430x_lc_rd_eabi.lib</file>
         <name>strncat.obj</name>
      </input_file>
      <input_file id="fl-d2">
         <path>/home/developer/ti/ccsv6/tools/compiler/ti-cgt-msp430_4.4.7/lib/</path>
         <kind>archive</kind>
         <file>rts430x_lc_rd_eabi.lib</file>
         <name>toupper.obj</name>
      </input_file>
      <input_file id="fl-d3">
         <path>/home/developer/ti/ccsv6/tools/compiler/ti-cgt-msp430_4.4.7/lib/</path>
         <kind>archive</kind>
         <file>rts430x_lc_rd_eabi.lib</file>
         <name>vsnprintf.obj</name>
      </input_file>
   </input_file_list>
   <object_component_list>
      <object_component id="oc-e3">
         <name>.sysmem</name>
         <uninitialized>true</uninitialized>
         <run_address>0x4400</run_address>
         <size>0x6</size>
         <input_file_ref idref="fl-bb"/>
      </object_component>
      <object_component id="oc-823">
         <name>.sysmem</name>
         <uninitialized>true</uninitialized>
         <run_address>0x4400</run_address>
         <size>0x0</size>
      </object_component>
      <object_component id="oc-821">
         <name>.cinit..data.load</name>
         <load_address>0x88a0</load_address>
         <run_address>0x88a0</run_address>
         <size>0x15b</size>
      </object_component>
      <object_component id="oc-81e">
         <name>__TI_handler_table</name>
         <load_address>0x89fc</load_address>
         <run_address>0x89fc</run_address>
         <size>0xc</size>
      </object_component>
      <object_component id="oc-820">
         <name>.cinit..bss.load</name>
         <load_address>0x8a08</load_address>
         <run_address>0x8a08</run_address>
         <size>0x6</size>
      </object_component>
      <object_component id="oc-81f">
         <name>__TI_cinit_table</name>
         <load_address>0x8a0e</load_address>
         <run_address>0x8a0e</run_address>
         <size>0x10</size>
      </object_component>
      <object_component id="oc-261">
         <name>.const</name>
         <load_address>0x75ae</load_address>
         <run_address>0x75ae</run_address>
         <size>0x41e</size>
         <input_file_ref idref="fl-5"/>
      </object_component>
      <object_component id="oc-545">
         <name>.const</name>
         <load_address>0x79cc</load_address>
         <run_address>0x79cc</run_address>
         <size>0x41c</size>
         <input_file_ref idref="fl-8"/>
      </object_component>
      <object_component id="oc-1a0">
         <name>.const</name>
         <load_address>0x7de8</load_address>
         <run_address>0x7de8</run_address>
         <size>0x40f</size>
         <input_file_ref idref="fl-7"/>
      </object_component>
      <object_component id="oc-258">
         <name>.const:init_pin_table$1</name>
         <load_address>0x81f8</load_address>
         <run_address>0x81f8</run_address>
         <size>0x40c</size>
         <input_file_ref idref="fl-2"/>
      </object_component>
      <object_component id="oc-5a2">
         <name>.const:.string:_ctypes_</name>
         <load_address>0x8604</load_address>
         <run_address>0x8604</run_address>
         <size>0x101</size>
         <input_file_ref idref="fl-ba"/>
      </object_component>
      <object_component id="oc-1b2">
         <name>.const:.string</name>
         <load_address>0x8706</load_address>
         <run_address>0x8706</run_address>
         <size>0x76</size>
         <input_file_ref idref="fl-7"/>
      </object_component>
      <object_component id="oc-3b7">
         <name>.const:.string</name>
         <load_address>0x877c</load_address>
         <run_address>0x877c</run_address>
         <size>0x36</size>
         <input_file_ref idref="fl-95"/>
      </object_component>
      <object_component id="oc-2a0">
         <name>.const:.string</name>
         <load_address>0x87b2</load_address>
         <run_address>0x87b2</run_address>
         <size>0x32</size>
         <input_file_ref idref="fl-9"/>
      </object_component>
      <object_component id="oc-23f">
         <name>.const:.string</name>
         <load_address>0x87e4</load_address>
         <run_address>0x87e4</run_address>
         <size>0x30</size>
         <input_file_ref idref="fl-6"/>
      </object_component>
      <object_component id="oc-518">
         <name>.const:.string</name>
         <load_address>0x8814</load_address>
         <run_address>0x8814</run_address>
         <size>0x26</size>
         <input_file_ref idref="fl-a2"/>
      </object_component>
      <object_component id="oc-306">
         <name>.const</name>
         <load_address>0x883a</load_address>
         <run_address>0x883a</run_address>
         <size>0x20</size>
         <input_file_ref idref="fl-4"/>
      </object_component>
      <object_component id="oc-571">
         <name>.const:.string</name>
         <load_address>0x885a</load_address>
         <run_address>0x885a</run_address>
         <size>0x1e</size>
         <input_file_ref idref="fl-15"/>
      </object_component>
      <object_component id="oc-300">
         <name>.const:GPIO_PORT_TO_BASE</name>
         <load_address>0x8878</load_address>
         <run_address>0x8878</run_address>
         <size>0x1c</size>
         <input_file_ref idref="fl-26"/>
      </object_component>
      <object_component id="oc-2a1">
         <name>.const:LEVEL_STRINGS</name>
         <load_address>0x8894</load_address>
         <run_address>0x8894</run_address>
         <size>0xc</size>
         <input_file_ref idref="fl-9"/>
      </object_component>
      <object_component id="oc-105">
         <name>.text:_isr:USCI_A0_ISR</name>
         <load_address>0x756c</load_address>
         <run_address>0x756c</run_address>
         <size>0x22</size>
         <input_file_ref idref="fl-8"/>
      </object_component>
      <object_component id="oc-bb">
         <name>.text:_isr:_c_int00_noargs_noexit</name>
         <load_address>0x758e</load_address>
         <run_address>0x758e</run_address>
         <size>0x1a</size>
         <input_file_ref idref="fl-9a"/>
      </object_component>
      <object_component id="oc-100">
         <name>.text:_isr:__TI_ISR_TRAP</name>
         <load_address>0x75a8</load_address>
         <run_address>0x75a8</run_address>
         <size>0x6</size>
         <input_file_ref idref="fl-6c"/>
      </object_component>
      <object_component id="oc-6a7">
         <name>.text:__TI_frcdivd</name>
         <load_address>0x10000</load_address>
         <run_address>0x10000</run_address>
         <size>0x452</size>
         <input_file_ref idref="fl-a6"/>
      </object_component>
      <object_component id="oc-673">
         <name>.text:__mspabi_divull</name>
         <load_address>0x10452</load_address>
         <run_address>0x10452</run_address>
         <size>0x39a</size>
         <input_file_ref idref="fl-a7"/>
      </object_component>
      <object_component id="oc-3ca">
         <name>.text:owNext</name>
         <load_address>0x107ec</load_address>
         <run_address>0x107ec</run_address>
         <size>0x378</size>
         <input_file_ref idref="fl-16"/>
      </object_component>
      <object_component id="oc-69f">
         <name>.text:__TI_frcmpyd</name>
         <load_address>0x10b64</load_address>
         <run_address>0x10b64</run_address>
         <size>0x2e4</size>
         <input_file_ref idref="fl-ad"/>
      </object_component>
      <object_component id="oc-6f7">
         <name>.text:__mspabi_addd</name>
         <load_address>0x10e48</load_address>
         <run_address>0x10e48</run_address>
         <size>0x2d8</size>
         <input_file_ref idref="fl-b6"/>
      </object_component>
      <object_component id="oc-644">
         <name>.text:__mspabi_mpyd</name>
         <load_address>0x11120</load_address>
         <run_address>0x11120</run_address>
         <size>0x282</size>
         <input_file_ref idref="fl-ac"/>
      </object_component>
      <object_component id="oc-32f">
         <name>.text:bsp_pin_set_alt_funct</name>
         <load_address>0x113a2</load_address>
         <run_address>0x113a2</run_address>
         <size>0x27c</size>
         <input_file_ref idref="fl-2"/>
      </object_component>
      <object_component id="oc-471">
         <name>.text:_setfield</name>
         <load_address>0x1161e</load_address>
         <run_address>0x1161e</run_address>
         <size>0x262</size>
         <input_file_ref idref="fl-a2"/>
      </object_component>
      <object_component id="oc-73f">
         <name>.text:__TI_frcaddd</name>
         <load_address>0x11880</load_address>
         <run_address>0x11880</run_address>
         <size>0x252</size>
         <input_file_ref idref="fl-b7"/>
      </object_component>
      <object_component id="oc-64a">
         <name>.text:__mspabi_divd</name>
         <load_address>0x11ad2</load_address>
         <run_address>0x11ad2</run_address>
         <size>0x222</size>
         <input_file_ref idref="fl-a5"/>
      </object_component>
      <object_component id="oc-51f">
         <name>.text:_pproc_fgea</name>
         <load_address>0x11cf4</load_address>
         <run_address>0x11cf4</run_address>
         <size>0x218</size>
         <input_file_ref idref="fl-a2"/>
      </object_component>
      <object_component id="oc-624">
         <name>.text:ecvt</name>
         <load_address>0x11f0c</load_address>
         <run_address>0x11f0c</run_address>
         <size>0x218</size>
         <input_file_ref idref="fl-a2"/>
      </object_component>
      <object_component id="oc-657">
         <name>.text:acvt</name>
         <load_address>0x12124</load_address>
         <run_address>0x12124</run_address>
         <size>0x212</size>
         <input_file_ref idref="fl-a2"/>
      </object_component>
      <object_component id="oc-385">
         <name>.text:__TI_printfi</name>
         <load_address>0x12336</load_address>
         <run_address>0x12336</run_address>
         <size>0x202</size>
         <input_file_ref idref="fl-a2"/>
      </object_component>
      <object_component id="oc-637">
         <name>.text:fcvt</name>
         <load_address>0x12538</load_address>
         <run_address>0x12538</run_address>
         <size>0x202</size>
         <input_file_ref idref="fl-a2"/>
      </object_component>
      <object_component id="oc-578">
         <name>.text:owLevel</name>
         <load_address>0x1273a</load_address>
         <run_address>0x1273a</run_address>
         <size>0x1a8</size>
         <input_file_ref idref="fl-15"/>
      </object_component>
      <object_component id="oc-5d2">
         <name>.text:_pconv_e</name>
         <load_address>0x128e2</load_address>
         <run_address>0x128e2</run_address>
         <size>0x1a4</size>
         <input_file_ref idref="fl-a2"/>
      </object_component>
      <object_component id="oc-71c">
         <name>.text:_Dscale</name>
         <load_address>0x12a86</load_address>
         <run_address>0x12a86</run_address>
         <size>0x19e</size>
         <input_file_ref idref="fl-c0"/>
      </object_component>
      <object_component id="oc-294">
         <name>.text:__vla_alloc</name>
         <load_address>0x12c24</load_address>
         <run_address>0x12c24</run_address>
         <size>0x198</size>
         <input_file_ref idref="fl-95"/>
      </object_component>
      <object_component id="oc-1b9">
         <name>.text:report_1_wire_devices</name>
         <load_address>0x12dbc</load_address>
         <run_address>0x12dbc</run_address>
         <size>0x196</size>
         <input_file_ref idref="fl-7"/>
      </object_component>
      <object_component id="oc-5a7">
         <name>.text:_getarg_diouxp</name>
         <load_address>0x12f52</load_address>
         <run_address>0x12f52</run_address>
         <size>0x188</size>
         <input_file_ref idref="fl-a2"/>
      </object_component>
      <object_component id="oc-31e">
         <name>.text:drv_rtc_read_time_date</name>
         <load_address>0x130da</load_address>
         <run_address>0x130da</run_address>
         <size>0x17c</size>
         <input_file_ref idref="fl-5"/>
      </object_component>
      <object_component id="oc-5d8">
         <name>.text:_pconv_a</name>
         <load_address>0x13256</load_address>
         <run_address>0x13256</run_address>
         <size>0x16e</size>
         <input_file_ref idref="fl-a2"/>
      </object_component>
      <object_component id="oc-4a3">
         <name>.text:DS2480Detect</name>
         <load_address>0x133c4</load_address>
         <run_address>0x133c4</run_address>
         <size>0x160</size>
         <input_file_ref idref="fl-b"/>
      </object_component>
      <object_component id="oc-519">
         <name>.text:_pproc_diouxp</name>
         <load_address>0x13524</load_address>
         <run_address>0x13524</run_address>
         <size>0x148</size>
         <input_file_ref idref="fl-a2"/>
      </object_component>
      <object_component id="oc-451">
         <name>.text:realloc</name>
         <load_address>0x1366c</load_address>
         <run_address>0x1366c</run_address>
         <size>0x144</size>
         <input_file_ref idref="fl-bb"/>
      </object_component>
      <object_component id="oc-4b6">
         <name>.text:owTouchReset</name>
         <load_address>0x137b0</load_address>
         <run_address>0x137b0</run_address>
         <size>0x124</size>
         <input_file_ref idref="fl-15"/>
      </object_component>
      <object_component id="oc-132">
         <name>.text:main</name>
         <load_address>0x138d4</load_address>
         <run_address>0x138d4</run_address>
         <size>0x110</size>
         <input_file_ref idref="fl-7"/>
      </object_component>
      <object_component id="oc-1a6">
         <name>.text:bsp_pin_digital_write</name>
         <load_address>0x139e4</load_address>
         <run_address>0x139e4</run_address>
         <size>0x104</size>
         <input_file_ref idref="fl-2"/>
      </object_component>
      <object_component id="oc-1b3">
         <name>.text:util_log</name>
         <load_address>0x13ae8</load_address>
         <run_address>0x13ae8</run_address>
         <size>0x102</size>
         <input_file_ref idref="fl-9"/>
      </object_component>
      <object_component id="oc-712">
         <name>.text:_Dnorm</name>
         <load_address>0x13bea</load_address>
         <run_address>0x13bea</run_address>
         <size>0x100</size>
         <input_file_ref idref="fl-be"/>
      </object_component>
      <object_component id="oc-5c6">
         <name>.text:_pconv_g</name>
         <load_address>0x13cea</load_address>
         <run_address>0x13cea</run_address>
         <size>0xfc</size>
         <input_file_ref idref="fl-a2"/>
      </object_component>
      <object_component id="oc-46b">
         <name>.text:_pproc_fwp</name>
         <load_address>0x13de6</load_address>
         <run_address>0x13de6</run_address>
         <size>0xfa</size>
         <input_file_ref idref="fl-a2"/>
      </object_component>
      <object_component id="oc-3e9">
         <name>.text:getSizeNV</name>
         <load_address>0x13ee0</load_address>
         <run_address>0x13ee0</run_address>
         <size>0xf2</size>
         <input_file_ref idref="fl-d"/>
      </object_component>
      <object_component id="oc-2ca">
         <name>.text:readNV</name>
         <load_address>0x13fd2</load_address>
         <run_address>0x13fd2</run_address>
         <size>0xf0</size>
         <input_file_ref idref="fl-d"/>
      </object_component>
      <object_component id="oc-329">
         <name>.text:bsp_pin_set_mode</name>
         <load_address>0x140c2</load_address>
         <run_address>0x140c2</run_address>
         <size>0xec</size>
         <input_file_ref idref="fl-2"/>
      </object_component>
      <object_component id="oc-401">
         <name>.text:owBlock</name>
         <load_address>0x141ae</load_address>
         <run_address>0x141ae</run_address>
         <size>0xec</size>
         <input_file_ref idref="fl-18"/>
      </object_component>
      <object_component id="oc-5de">
         <name>.text:__mspabi_cmpd</name>
         <load_address>0x1429a</load_address>
         <run_address>0x1429a</run_address>
         <size>0xd8</size>
         <input_file_ref idref="fl-a4"/>
      </object_component>
      <object_component id="oc-2aa">
         <name>.text:__vla_dealloc</name>
         <load_address>0x14372</load_address>
         <run_address>0x14372</run_address>
         <size>0xc6</size>
         <input_file_ref idref="fl-95"/>
      </object_component>
      <object_component id="oc-368">
         <name>.text:malloc</name>
         <load_address>0x14438</load_address>
         <run_address>0x14438</run_address>
         <size>0xba</size>
         <input_file_ref idref="fl-bb"/>
      </object_component>
      <object_component id="oc-1ac">
         <name>.text:bsp_pin_digital_read</name>
         <load_address>0x144f2</load_address>
         <run_address>0x144f2</run_address>
         <size>0xb4</size>
         <input_file_ref idref="fl-2"/>
      </object_component>
      <object_component id="oc-76e">
         <name>.text:__TI_renormd</name>
         <load_address>0x145a6</load_address>
         <run_address>0x145a6</run_address>
         <size>0xb2</size>
         <input_file_ref idref="fl-b8"/>
      </object_component>
      <object_component id="oc-3f5">
         <name>.text:owAccess</name>
         <load_address>0x14658</load_address>
         <run_address>0x14658</run_address>
         <size>0xaa</size>
         <input_file_ref idref="fl-16"/>
      </object_component>
      <object_component id="oc-356">
         <name>.text:_Z21free_dead_allocationsPv</name>
         <load_address>0x14702</load_address>
         <run_address>0x14702</run_address>
         <size>0xa8</size>
         <input_file_ref idref="fl-95"/>
      </object_component>
      <object_component id="oc-477">
         <name>.text:_pproc_str</name>
         <load_address>0x147aa</load_address>
         <run_address>0x147aa</run_address>
         <size>0xa8</size>
         <input_file_ref idref="fl-a2"/>
      </object_component>
      <object_component id="oc-5ad">
         <name>.text:_ltostr</name>
         <load_address>0x14852</load_address>
         <run_address>0x14852</run_address>
         <size>0x9e</size>
         <input_file_ref idref="fl-a2"/>
      </object_component>
      <object_component id="oc-309">
         <name>.text:EUSCI_A_UART_init</name>
         <load_address>0x148f0</load_address>
         <run_address>0x148f0</run_address>
         <size>0x9a</size>
         <input_file_ref idref="fl-22"/>
      </object_component>
      <object_component id="oc-682">
         <name>.text:__mspabi_fltlid</name>
         <load_address>0x1498a</load_address>
         <run_address>0x1498a</run_address>
         <size>0x94</size>
         <input_file_ref idref="fl-ab"/>
      </object_component>
      <object_component id="oc-62a">
         <name>.text:_ecpy</name>
         <load_address>0x14a1e</load_address>
         <run_address>0x14a1e</run_address>
         <size>0x94</size>
         <input_file_ref idref="fl-a2"/>
      </object_component>
      <object_component id="oc-630">
         <name>.text:_mcpy</name>
         <load_address>0x14ab2</load_address>
         <run_address>0x14ab2</run_address>
         <size>0x90</size>
         <input_file_ref idref="fl-a2"/>
      </object_component>
      <object_component id="oc-3fb">
         <name>.text:getStartingAddressNV</name>
         <load_address>0x14b42</load_address>
         <run_address>0x14b42</run_address>
         <size>0x90</size>
         <input_file_ref idref="fl-d"/>
      </object_component>
      <object_component id="oc-3b1">
         <name>.text:free</name>
         <load_address>0x14bd2</load_address>
         <run_address>0x14bd2</run_address>
         <size>0x8e</size>
         <input_file_ref idref="fl-bb"/>
      </object_component>
      <object_component id="oc-619">
         <name>.text:_div</name>
         <load_address>0x14c60</load_address>
         <run_address>0x14c60</run_address>
         <size>0x88</size>
         <input_file_ref idref="fl-a2"/>
      </object_component>
      <object_component id="oc-1c3">
         <name>.text:bsp_pin_digital_toggle</name>
         <load_address>0x14ce8</load_address>
         <run_address>0x14ce8</run_address>
         <size>0x86</size>
         <input_file_ref idref="fl-2"/>
      </object_component>
      <object_component id="oc-6b7">
         <name>.text:ldexp</name>
         <load_address>0x14d6e</load_address>
         <run_address>0x14d6e</run_address>
         <size>0x86</size>
         <input_file_ref idref="fl-bf"/>
      </object_component>
      <object_component id="oc-67c">
         <name>.text:ltoa</name>
         <load_address>0x14df4</load_address>
         <run_address>0x14df4</run_address>
         <size>0x80</size>
         <input_file_ref idref="fl-c5"/>
      </object_component>
      <object_component id="oc-5cc">
         <name>.text:_pconv_f</name>
         <load_address>0x14e74</load_address>
         <run_address>0x14e74</run_address>
         <size>0x78</size>
         <input_file_ref idref="fl-a2"/>
      </object_component>
      <object_component id="oc-21a">
         <name>.text:GPIO_setAsPeripheralModuleFunctionInputPin</name>
         <load_address>0x14eec</load_address>
         <run_address>0x14eec</run_address>
         <size>0x72</size>
         <input_file_ref idref="fl-26"/>
      </object_component>
      <object_component id="oc-6af">
         <name>.text:_Dunscale</name>
         <load_address>0x14f5e</load_address>
         <run_address>0x14f5e</run_address>
         <size>0x72</size>
         <input_file_ref idref="fl-bd"/>
      </object_component>
      <object_component id="oc-19a">
         <name>.text:drv_rtc_init</name>
         <load_address>0x14fd0</load_address>
         <run_address>0x14fd0</run_address>
         <size>0x70</size>
         <input_file_ref idref="fl-5"/>
      </object_component>
      <object_component id="oc-118">
         <name>.text:_auto_init_hold_wdt</name>
         <load_address>0x15040</load_address>
         <run_address>0x15040</run_address>
         <size>0x6c</size>
         <input_file_ref idref="fl-99"/>
      </object_component>
      <object_component id="oc-f3">
         <name>.text:__TI_decompress_rle_core</name>
         <load_address>0x150ac</load_address>
         <run_address>0x150ac</run_address>
         <size>0x68</size>
         <input_file_ref idref="fl-6a"/>
      </object_component>
      <object_component id="oc-220">
         <name>.text:CS_initClockSignal</name>
         <load_address>0x15114</load_address>
         <run_address>0x15114</run_address>
         <size>0x66</size>
         <input_file_ref idref="fl-1e"/>
      </object_component>
      <object_component id="oc-694">
         <name>.text:__mspabi_fixdli</name>
         <load_address>0x1517a</load_address>
         <run_address>0x1517a</run_address>
         <size>0x66</size>
         <input_file_ref idref="fl-a9"/>
      </object_component>
      <object_component id="oc-511">
         <name>.text:atoi</name>
         <load_address>0x151e0</load_address>
         <run_address>0x151e0</run_address>
         <size>0x62</size>
         <input_file_ref idref="fl-b9"/>
      </object_component>
      <object_component id="oc-2a4">
         <name>.text:snprintf</name>
         <load_address>0x15242</load_address>
         <run_address>0x15242</run_address>
         <size>0x62</size>
         <input_file_ref idref="fl-cd"/>
      </object_component>
      <object_component id="oc-4c0">
         <name>.text:bitacc</name>
         <load_address>0x152a4</load_address>
         <run_address>0x152a4</run_address>
         <size>0x60</size>
         <input_file_ref idref="fl-16"/>
      </object_component>
      <object_component id="oc-239">
         <name>.text:get_time</name>
         <load_address>0x15304</load_address>
         <run_address>0x15304</run_address>
         <size>0x5c</size>
         <input_file_ref idref="fl-6"/>
      </object_component>
      <object_component id="oc-33b">
         <name>.text</name>
         <load_address>0x15360</load_address>
         <run_address>0x15360</run_address>
         <size>0x58</size>
         <input_file_ref idref="fl-8b"/>
      </object_component>
      <object_component id="oc-264">
         <name>.text:EUSCI_B_SPI_initMaster</name>
         <load_address>0x153b8</load_address>
         <run_address>0x153b8</run_address>
         <size>0x56</size>
         <input_file_ref idref="fl-24"/>
      </object_component>
      <object_component id="oc-3d0">
         <name>.text:owSerialNum</name>
         <load_address>0x1540e</load_address>
         <run_address>0x1540e</run_address>
         <size>0x56</size>
         <input_file_ref idref="fl-16"/>
      </object_component>
      <object_component id="oc-29a">
         <name>.text:vsnprintf</name>
         <load_address>0x15464</load_address>
         <run_address>0x15464</run_address>
         <size>0x56</size>
         <input_file_ref idref="fl-d3"/>
      </object_component>
      <object_component id="oc-22d">
         <name>.text:init_uart</name>
         <load_address>0x154ba</load_address>
         <run_address>0x154ba</run_address>
         <size>0x52</size>
         <input_file_ref idref="fl-4"/>
      </object_component>
      <object_component id="oc-5ba">
         <name>.text:_Dclass</name>
         <load_address>0x1550c</load_address>
         <run_address>0x1550c</run_address>
         <size>0x50</size>
         <input_file_ref idref="fl-a3"/>
      </object_component>
      <object_component id="oc-3bb">
         <name>.text:fprintf</name>
         <load_address>0x1555c</load_address>
         <run_address>0x1555c</run_address>
         <size>0x50</size>
         <input_file_ref idref="fl-a1"/>
      </object_component>
      <object_component id="oc-63d">
         <name>.text:_fcpy</name>
         <load_address>0x155ac</load_address>
         <run_address>0x155ac</run_address>
         <size>0x4e</size>
         <input_file_ref idref="fl-a2"/>
      </object_component>
      <object_component id="oc-572">
         <name>.text:printf</name>
         <load_address>0x155fa</load_address>
         <run_address>0x155fa</run_address>
         <size>0x4a</size>
         <input_file_ref idref="fl-ca"/>
      </object_component>
      <object_component id="oc-49d">
         <name>.text:OpenCOM</name>
         <load_address>0x15644</load_address>
         <run_address>0x15644</run_address>
         <size>0x46</size>
         <input_file_ref idref="fl-8"/>
      </object_component>
      <object_component id="oc-465">
         <name>.text:_pproc_fflags</name>
         <load_address>0x1568a</load_address>
         <run_address>0x1568a</run_address>
         <size>0x46</size>
         <input_file_ref idref="fl-a2"/>
      </object_component>
      <object_component id="oc-35c">
         <name>.text:_Z18init_curr_vla_poolv</name>
         <load_address>0x156d0</load_address>
         <run_address>0x156d0</run_address>
         <size>0x44</size>
         <input_file_ref idref="fl-95"/>
      </object_component>
      <object_component id="oc-362">
         <name>.text:_Z31increase_curr_vla_pool_capacityv</name>
         <load_address>0x15714</load_address>
         <run_address>0x15714</run_address>
         <size>0x44</size>
         <input_file_ref idref="fl-95"/>
      </object_component>
      <object_component id="oc-2be">
         <name>.text:sprintf</name>
         <load_address>0x15758</load_address>
         <run_address>0x15758</run_address>
         <size>0x44</size>
         <input_file_ref idref="fl-ce"/>
      </object_component>
      <object_component id="oc-2b2">
         <name>.text:abs_1_wire_find_devices</name>
         <load_address>0x1579c</load_address>
         <run_address>0x1579c</run_address>
         <size>0x42</size>
         <input_file_ref idref="fl-7"/>
      </object_component>
      <object_component id="oc-651">
         <name>.text:frexp</name>
         <load_address>0x157de</load_address>
         <run_address>0x157de</run_address>
         <size>0x42</size>
         <input_file_ref idref="fl-bc"/>
      </object_component>
      <object_component id="oc-45b">
         <name>.text:minit</name>
         <load_address>0x15820</load_address>
         <run_address>0x15820</run_address>
         <size>0x42</size>
         <input_file_ref idref="fl-bb"/>
      </object_component>
      <object_component id="oc-5f1">
         <name>.text:EUSCI_A_UART_transmitBreak</name>
         <load_address>0x15862</load_address>
         <run_address>0x15862</run_address>
         <size>0x40</size>
         <input_file_ref idref="fl-22"/>
      </object_component>
      <object_component id="oc-6de">
         <name>.text</name>
         <load_address>0x158a2</load_address>
         <run_address>0x158a2</run_address>
         <size>0x40</size>
         <input_file_ref idref="fl-89"/>
      </object_component>
      <object_component id="oc-6c3">
         <name>.text:incr_hex</name>
         <load_address>0x158e2</load_address>
         <run_address>0x158e2</run_address>
         <size>0x3e</size>
         <input_file_ref idref="fl-a2"/>
      </object_component>
      <object_component id="oc-705">
         <name>.text:l_asr_const</name>
         <load_address>0x15920</load_address>
         <run_address>0x15920</run_address>
         <size>0x3e</size>
         <input_file_ref idref="fl-b2"/>
      </object_component>
      <object_component id="oc-6eb">
         <name>.text:l_lsl_const</name>
         <load_address>0x1595e</load_address>
         <run_address>0x1595e</run_address>
         <size>0x3e</size>
         <input_file_ref idref="fl-b0"/>
      </object_component>
      <object_component id="oc-6f0">
         <name>.text:l_lsr_const</name>
         <load_address>0x1599c</load_address>
         <run_address>0x1599c</run_address>
         <size>0x3e</size>
         <input_file_ref idref="fl-b3"/>
      </object_component>
      <object_component id="oc-1bd">
         <name>.text:cout_data_channel</name>
         <load_address>0x159da</load_address>
         <run_address>0x159da</run_address>
         <size>0x3c</size>
         <input_file_ref idref="fl-4"/>
      </object_component>
      <object_component id="oc-316">
         <name>.text:fputs</name>
         <load_address>0x15a16</load_address>
         <run_address>0x15a16</run_address>
         <size>0x3c</size>
         <input_file_ref idref="fl-4"/>
      </object_component>
      <object_component id="oc-226">
         <name>.text:CS_turnOnLFXT</name>
         <load_address>0x15a52</load_address>
         <run_address>0x15a52</run_address>
         <size>0x3a</size>
         <input_file_ref idref="fl-1e"/>
      </object_component>
      <object_component id="oc-6d6">
         <name>.text:__mspabi_sllll</name>
         <load_address>0x15a8c</load_address>
         <run_address>0x15a8c</run_address>
         <size>0x3a</size>
         <input_file_ref idref="fl-b1"/>
      </object_component>
      <object_component id="oc-66d">
         <name>.text:__mspabi_srlll</name>
         <load_address>0x15ac6</load_address>
         <run_address>0x15ac6</run_address>
         <size>0x3a</size>
         <input_file_ref idref="fl-b4"/>
      </object_component>
      <object_component id="oc-4cd">
         <name>.text:WriteCOM</name>
         <load_address>0x15b00</load_address>
         <run_address>0x15b00</run_address>
         <size>0x38</size>
         <input_file_ref idref="fl-8"/>
      </object_component>
      <object_component id="oc-3c4">
         <name>.text:owAcquire</name>
         <load_address>0x15b38</load_address>
         <run_address>0x15b38</run_address>
         <size>0x38</size>
         <input_file_ref idref="fl-17"/>
      </object_component>
      <object_component id="oc-79f">
         <name>.text:signal</name>
         <load_address>0x15b70</load_address>
         <run_address>0x15b70</run_address>
         <size>0x38</size>
         <input_file_ref idref="fl-cc"/>
      </object_component>
      <object_component id="oc-722">
         <name>.text:_Feraise</name>
         <load_address>0x15ba8</load_address>
         <run_address>0x15ba8</run_address>
         <size>0x36</size>
         <input_file_ref idref="fl-c1"/>
      </object_component>
      <object_component id="oc-39e">
         <name>.text:_outs</name>
         <load_address>0x15bde</load_address>
         <run_address>0x15bde</run_address>
         <size>0x36</size>
         <input_file_ref idref="fl-cd"/>
      </object_component>
      <object_component id="oc-379">
         <name>.text:_outs</name>
         <load_address>0x15c14</load_address>
         <run_address>0x15c14</run_address>
         <size>0x36</size>
         <input_file_ref idref="fl-d3"/>
      </object_component>
      <object_component id="oc-756">
         <name>.text:feraiseexcept</name>
         <load_address>0x15c4a</load_address>
         <run_address>0x15c4a</run_address>
         <size>0x34</size>
         <input_file_ref idref="fl-c4"/>
      </object_component>
      <object_component id="oc-688">
         <name>.text:__mspabi_subd</name>
         <load_address>0x15c7e</load_address>
         <run_address>0x15c7e</run_address>
         <size>0x32</size>
         <input_file_ref idref="fl-b5"/>
      </object_component>
      <object_component id="oc-786">
         <name>.text:raise</name>
         <load_address>0x15cb0</load_address>
         <run_address>0x15cb0</run_address>
         <size>0x32</size>
         <input_file_ref idref="fl-cb"/>
      </object_component>
      <object_component id="oc-188">
         <name>.text:Init_Clock</name>
         <load_address>0x15ce2</load_address>
         <run_address>0x15ce2</run_address>
         <size>0x30</size>
         <input_file_ref idref="fl-7"/>
      </object_component>
      <object_component id="oc-18e">
         <name>.text:logger_init</name>
         <load_address>0x15d12</load_address>
         <run_address>0x15d12</run_address>
         <size>0x30</size>
         <input_file_ref idref="fl-6"/>
      </object_component>
      <object_component id="oc-5c0">
         <name>.text:__mspabi_negd</name>
         <load_address>0x15d42</load_address>
         <run_address>0x15d42</run_address>
         <size>0x2e</size>
         <input_file_ref idref="fl-af"/>
      </object_component>
      <object_component id="oc-2c4">
         <name>.text:strncat</name>
         <load_address>0x15d70</load_address>
         <run_address>0x15d70</run_address>
         <size>0x2e</size>
         <input_file_ref idref="fl-d1"/>
      </object_component>
      <object_component id="oc-194">
         <name>.text:bsp_pins_initalize</name>
         <load_address>0x15d9e</load_address>
         <run_address>0x15d9e</run_address>
         <size>0x2c</size>
         <input_file_ref idref="fl-2"/>
      </object_component>
      <object_component id="oc-407">
         <name>.text</name>
         <load_address>0x15dca</load_address>
         <run_address>0x15dca</run_address>
         <size>0x2c</size>
         <input_file_ref idref="fl-88"/>
      </object_component>
      <object_component id="oc-24c">
         <name>.text:util_log_init</name>
         <load_address>0x15df6</load_address>
         <run_address>0x15df6</run_address>
         <size>0x2a</size>
         <input_file_ref idref="fl-9"/>
      </object_component>
      <object_component id="oc-4d3">
         <name>.text:ReadCOM</name>
         <load_address>0x15e20</load_address>
         <run_address>0x15e20</run_address>
         <size>0x28</size>
         <input_file_ref idref="fl-8"/>
      </object_component>
      <object_component id="oc-68e">
         <name>.text:__mspabi_fixdi</name>
         <load_address>0x15e48</load_address>
         <run_address>0x15e48</run_address>
         <size>0x28</size>
         <input_file_ref idref="fl-a8"/>
      </object_component>
      <object_component id="oc-259">
         <name>.text:bsp_pin_setup</name>
         <load_address>0x15e70</load_address>
         <run_address>0x15e70</run_address>
         <size>0x26</size>
         <input_file_ref idref="fl-2"/>
      </object_component>
      <object_component id="oc-9d">
         <name>.text:decompress:ZI:__TI_zero_init</name>
         <load_address>0x15e96</load_address>
         <run_address>0x15e96</run_address>
         <size>0x24</size>
         <input_file_ref idref="fl-87"/>
      </object_component>
      <object_component id="oc-548">
         <name>.text:EUSCI_A_UART_enableInterrupt</name>
         <load_address>0x15eba</load_address>
         <run_address>0x15eba</run_address>
         <size>0x22</size>
         <input_file_ref idref="fl-22"/>
      </object_component>
      <object_component id="oc-2dc">
         <name>.text:EUSCI_A_UART_transmitData</name>
         <load_address>0x15edc</load_address>
         <run_address>0x15edc</run_address>
         <size>0x22</size>
         <input_file_ref idref="fl-22"/>
      </object_component>
      <object_component id="oc-53c">
         <name>.text:fputc</name>
         <load_address>0x15efe</load_address>
         <run_address>0x15efe</run_address>
         <size>0x22</size>
         <input_file_ref idref="fl-4"/>
      </object_component>
      <object_component id="oc-700">
         <name>.text</name>
         <load_address>0x15f20</load_address>
         <run_address>0x15f20</run_address>
         <size>0x22</size>
         <input_file_ref idref="fl-8e"/>
      </object_component>
      <object_component id="oc-163">
         <name>.text:EUSCI_A_UART_receiveData</name>
         <load_address>0x15f42</load_address>
         <run_address>0x15f42</run_address>
         <size>0x20</size>
         <input_file_ref idref="fl-22"/>
      </object_component>
      <object_component id="oc-3a4">
         <name>.text:_outc</name>
         <load_address>0x15f62</load_address>
         <run_address>0x15f62</run_address>
         <size>0x20</size>
         <input_file_ref idref="fl-cd"/>
      </object_component>
      <object_component id="oc-37f">
         <name>.text:_outc</name>
         <load_address>0x15f82</load_address>
         <run_address>0x15f82</run_address>
         <size>0x20</size>
         <input_file_ref idref="fl-d3"/>
      </object_component>
      <object_component id="oc-3d9">
         <name>.text:_outs</name>
         <load_address>0x15fa2</load_address>
         <run_address>0x15fa2</run_address>
         <size>0x20</size>
         <input_file_ref idref="fl-ce"/>
      </object_component>
      <object_component id="oc-3ef">
         <name>.text:owRaiseError</name>
         <load_address>0x15fc2</load_address>
         <run_address>0x15fc2</run_address>
         <size>0x20</size>
         <input_file_ref idref="fl-14"/>
      </object_component>
      <object_component id="oc-6bd">
         <name>.text:val_hex</name>
         <load_address>0x15fe2</load_address>
         <run_address>0x15fe2</run_address>
         <size>0x20</size>
         <input_file_ref idref="fl-a2"/>
      </object_component>
      <object_component id="oc-525">
         <name>.text:memccpy</name>
         <load_address>0x16002</load_address>
         <run_address>0x16002</run_address>
         <size>0x1e</size>
         <input_file_ref idref="fl-c7"/>
      </object_component>
      <object_component id="oc-72a">
         <name>.text:strchr</name>
         <load_address>0x16020</load_address>
         <run_address>0x16020</run_address>
         <size>0x1c</size>
         <input_file_ref idref="fl-cf"/>
      </object_component>
      <object_component id="oc-4df">
         <name>.text:docrc8</name>
         <load_address>0x1603c</load_address>
         <run_address>0x1603c</run_address>
         <size>0x1a</size>
         <input_file_ref idref="fl-a"/>
      </object_component>
      <object_component id="oc-55c">
         <name>.text:msDelay</name>
         <load_address>0x16056</load_address>
         <run_address>0x16056</run_address>
         <size>0x18</size>
         <input_file_ref idref="fl-8"/>
      </object_component>
      <object_component id="oc-2b8">
         <name>.text:memset</name>
         <load_address>0x1606e</load_address>
         <run_address>0x1606e</run_address>
         <size>0x16</size>
         <input_file_ref idref="fl-c9"/>
      </object_component>
      <object_component id="oc-4fb">
         <name>.text</name>
         <load_address>0x16084</load_address>
         <run_address>0x16084</run_address>
         <size>0x16</size>
         <input_file_ref idref="fl-8a"/>
      </object_component>
      <object_component id="oc-253">
         <name>.text</name>
         <load_address>0x1609a</load_address>
         <run_address>0x1609a</run_address>
         <size>0x16</size>
         <input_file_ref idref="fl-8d"/>
      </object_component>
      <object_component id="oc-4a9">
         <name>.text:CloseCOM</name>
         <load_address>0x160b0</load_address>
         <run_address>0x160b0</run_address>
         <size>0x14</size>
         <input_file_ref idref="fl-8"/>
      </object_component>
      <object_component id="oc-3df">
         <name>.text:_outc</name>
         <load_address>0x160c4</load_address>
         <run_address>0x160c4</run_address>
         <size>0x14</size>
         <input_file_ref idref="fl-ce"/>
      </object_component>
      <object_component id="oc-246">
         <name>.text:info_logger_log</name>
         <load_address>0x160d8</load_address>
         <run_address>0x160d8</run_address>
         <size>0x14</size>
         <input_file_ref idref="fl-6"/>
      </object_component>
      <object_component id="oc-e6">
         <name>.text:memcpy</name>
         <load_address>0x160ec</load_address>
         <run_address>0x160ec</run_address>
         <size>0x14</size>
         <input_file_ref idref="fl-c8"/>
      </object_component>
      <object_component id="oc-75">
         <name>.text:decompress:none:__TI_decompress_none</name>
         <load_address>0x16100</load_address>
         <run_address>0x16100</run_address>
         <size>0x12</size>
         <input_file_ref idref="fl-69"/>
      </object_component>
      <object_component id="oc-5b4">
         <name>.text:toupper</name>
         <load_address>0x16112</load_address>
         <run_address>0x16112</run_address>
         <size>0x12</size>
         <input_file_ref idref="fl-d2"/>
      </object_component>
      <object_component id="oc-769">
         <name>.text:l_asr</name>
         <load_address>0x16124</load_address>
         <run_address>0x16124</run_address>
         <size>0x10</size>
         <input_file_ref idref="fl-b2"/>
      </object_component>
      <object_component id="oc-764">
         <name>.text:l_lsl</name>
         <load_address>0x16134</load_address>
         <run_address>0x16134</run_address>
         <size>0x10</size>
         <input_file_ref idref="fl-b0"/>
      </object_component>
      <object_component id="oc-6d1">
         <name>.text:l_lsr</name>
         <load_address>0x16144</load_address>
         <run_address>0x16144</run_address>
         <size>0x10</size>
         <input_file_ref idref="fl-b3"/>
      </object_component>
      <object_component id="oc-2d0">
         <name>.text:strlen</name>
         <load_address>0x16154</load_address>
         <run_address>0x16154</run_address>
         <size>0xe</size>
         <input_file_ref idref="fl-d0"/>
      </object_component>
      <object_component id="oc-276">
         <name>.text:EUSCI_B_SPI_transmitData</name>
         <load_address>0x16162</load_address>
         <run_address>0x16162</run_address>
         <size>0xc</size>
         <input_file_ref idref="fl-24"/>
      </object_component>
      <object_component id="oc-6c9">
         <name>.text:__mspabi_fltid</name>
         <load_address>0x1616e</load_address>
         <run_address>0x1616e</run_address>
         <size>0xc</size>
         <input_file_ref idref="fl-aa"/>
      </object_component>
      <object_component id="oc-240">
         <name>.text:error_logger_log</name>
         <load_address>0x1617a</load_address>
         <run_address>0x1617a</run_address>
         <size>0xc</size>
         <input_file_ref idref="fl-6"/>
      </object_component>
[...]
      </symbol>
      <symbol id="sm-b7b">
         <name>__mspabi_srli</name>
         <value>0x161c2</value>
         <object_component_ref idref="oc-585"/>
      </symbol>
      <symbol id="sm-bf2">
         <name>__vla_dealloc</name>
         <value>0x14372</value>
         <object_component_ref idref="oc-2aa"/>
      </symbol>
      <symbol id="sm-bf3">
         <name>__vla_alloc</name>
         <value>0x12c24</value>
         <object_component_ref idref="oc-294"/>
      </symbol>
      <symbol id="sm-bfc">
         <name>__abort_execution</name>
         <value>0x16200</value>
         <object_component_ref idref="oc-34d"/>
      </symbol>
      <symbol id="sm-c05">
         <name>_stack</name>
         <value>0x6000</value>
         <object_component_ref idref="oc-df"/>
      </symbol>
      <symbol id="sm-c06">
         <name>_reset_vector</name>
         <value>0xfffe</value>
         <object_component_ref idref="oc-e2"/>
      </symbol>
      <symbol id="sm-c24">
         <name>_auto_init_hold_wdt</name>
         <value>0x15040</value>
         <object_component_ref idref="oc-118"/>
      </symbol>
      <symbol id="sm-c2f">
         <name>_c_int00_noargs_noexit</name>
         <value>0x758e</value>
         <object_component_ref idref="oc-bb"/>
      </symbol>
      <symbol id="sm-c40">
         <name>_ftable</name>
         <value>0x70a0</value>
         <object_component_ref idref="oc-3b8"/>
      </symbol>
      <symbol id="sm-c49">
         <name>_system_pre_init</name>
         <value>0x1620c</value>
         <object_component_ref idref="oc-112"/>
      </symbol>
      <symbol id="sm-c54">
         <name>C$$EXIT</name>
         <value>0x16210</value>
         <object_component_ref idref="oc-13a"/>
      </symbol>
      <symbol id="sm-c55">
         <name>abort</name>
         <value>0x16210</value>
         <object_component_ref idref="oc-13a"/>
      </symbol>
      <symbol id="sm-c6c">
         <name>_nop</name>
         <value>0x16218</value>
         <object_component_ref idref="oc-208"/>
      </symbol>
      <symbol id="sm-c6d">
         <name>_lock</name>
         <value>0x72b8</value>
         <object_component_ref idref="oc-179"/>
      </symbol>
      <symbol id="sm-c6e">
         <name>_unlock</name>
         <value>0x72bc</value>
         <object_component_ref idref="oc-182"/>
      </symbol>
      <symbol id="sm-c8c">
         <name>fprintf</name>
         <value>0x1555c</value>
         <object_component_ref idref="oc-3bb"/>
      </symbol>
      <symbol id="sm-e5a">
         <name>__TI_printfi</name>
         <value>0x12336</value>
         <object_component_ref idref="oc-385"/>
      </symbol>
      <symbol id="sm-e68">
         <name>_Dclass</name>
         <value>0x1550c</value>
         <object_component_ref idref="oc-5ba"/>
      </symbol>
      <symbol id="sm-e87">
         <name>__mspabi_cmpd</name>
         <value>0x1429a</value>
         <object_component_ref idref="oc-5de"/>
      </symbol>
      <symbol id="sm-ea8">
         <name>__mspabi_divd</name>
         <value>0x11ad2</value>
         <object_component_ref idref="oc-64a"/>
      </symbol>
      <symbol id="sm-ec3">
         <name>__TI_frcdivd</name>
         <value>0x10000</value>
         <object_component_ref idref="oc-6a7"/>
      </symbol>
      <symbol id="sm-ef5">
         <name>__mspabi_divull</name>
         <value>0x10452</value>
         <object_component_ref idref="oc-673"/>
      </symbol>
      <symbol id="sm-f02">
         <name>__mspabi_fixdi</name>
         <value>0x15e48</value>
         <object_component_ref idref="oc-68e"/>
      </symbol>
      <symbol id="sm-f11">
         <name>__mspabi_fixdli</name>
         <value>0x1517a</value>
         <object_component_ref idref="oc-694"/>
      </symbol>
      <symbol id="sm-f1a">
         <name>__mspabi_fltid</name>
         <value>0x1616e</value>
         <object_component_ref idref="oc-6c9"/>
      </symbol>
      <symbol id="sm-f32">
         <name>__mspabi_fltlid</name>
         <value>0x1498a</value>
         <object_component_ref idref="oc-682"/>
      </symbol>
      <symbol id="sm-f52">
         <name>__mspabi_mpyd</name>
         <value>0x11120</value>
         <object_component_ref idref="oc-644"/>
      </symbol>
      <symbol id="sm-f63">
         <name>__TI_frcmpyd</name>
         <value>0x10b64</value>
         <object_component_ref idref="oc-69f"/>
      </symbol>
      <symbol id="sm-f6d">
         <name>__mspabi_negd</name>
         <value>0x15d42</value>
         <object_component_ref idref="oc-5c0"/>
      </symbol>
      <symbol id="sm-f7d">
         <name>__mspabi_slll_9</name>
         <value>0x15976</value>
         <object_component_ref idref="oc-6eb"/>
      </symbol>
      <symbol id="sm-f7e">
         <name>__mspabi_slll_8</name>
         <value>0x1597a</value>
         <object_component_ref idref="oc-6eb"/>
      </symbol>
      <symbol id="sm-f7f">
         <name>__mspabi_slll_7</name>
         <value>0x1597e</value>
         <object_component_ref idref="oc-6eb"/>
      </symbol>
      <symbol id="sm-f80">
         <name>__mspabi_slll_6</name>
         <value>0x15982</value>
         <object_component_ref idref="oc-6eb"/>
      </symbol>
      <symbol id="sm-f81">
         <name>__mspabi_slll_5</name>
         <value>0x15986</value>
         <object_component_ref idref="oc-6eb"/>
      </symbol>
      <symbol id="sm-f82">
         <name>__mspabi_slll_4</name>
         <value>0x1598a</value>
         <object_component_ref idref="oc-6eb"/>
      </symbol>
      <symbol id="sm-f83">
         <name>__mspabi_slll_3</name>
         <value>0x1598e</value>
         <object_component_ref idref="oc-6eb"/>
      </symbol>
      <symbol id="sm-f84">
         <name>__mspabi_slll_2</name>
         <value>0x15992</value>
         <object_component_ref idref="oc-6eb"/>
      </symbol>
      <symbol id="sm-f85">
         <name>__mspabi_slll_1</name>
         <value>0x15996</value>
         <object_component_ref idref="oc-6eb"/>
      </symbol>
      <symbol id="sm-f86">
         <name>__mspabi_slll</name>
         <value>0x16134</value>
         <object_component_ref idref="oc-764"/>
      </symbol>
      <symbol id="sm-f87">
         <name>__mspabi_slll_15</name>
         <value>0x1595e</value>
         <object_component_ref idref="oc-6eb"/>
      </symbol>
      <symbol id="sm-f88">
         <name>__mspabi_slll_14</name>
         <value>0x15962</value>
         <object_component_ref idref="oc-6eb"/>
      </symbol>
      <symbol id="sm-f89">
         <name>__mspabi_slll_13</name>
         <value>0x15966</value>
         <object_component_ref idref="oc-6eb"/>
      </symbol>
      <symbol id="sm-f8a">
         <name>__mspabi_slll_12</name>
         <value>0x1596a</value>
         <object_component_ref idref="oc-6eb"/>
      </symbol>
      <symbol id="sm-f8b">
         <name>__mspabi_slll_11</name>
         <value>0x1596e</value>
         <object_component_ref idref="oc-6eb"/>
      </symbol>
      <symbol id="sm-f8c">
         <name>__mspabi_slll_10</name>
         <value>0x15972</value>
         <object_component_ref idref="oc-6eb"/>
      </symbol>
      <symbol id="sm-f99">
         <name>__mspabi_sllll</name>
         <value>0x15a8c</value>
         <object_component_ref idref="oc-6d6"/>
      </symbol>
      <symbol id="sm-fa9">
         <name>__mspabi_sral</name>
         <value>0x16124</value>
         <object_component_ref idref="oc-769"/>
      </symbol>
      <symbol id="sm-faa">
         <name>__mspabi_sral_15</name>
         <value>0x15920</value>
         <object_component_ref idref="oc-705"/>
      </symbol>
      <symbol id="sm-fab">
         <name>__mspabi_sral_14</name>
         <value>0x15924</value>
         <object_component_ref idref="oc-705"/>
      </symbol>
      <symbol id="sm-fac">
         <name>__mspabi_sral_13</name>
         <value>0x15928</value>
         <object_component_ref idref="oc-705"/>
      </symbol>
      <symbol id="sm-fad">
         <name>__mspabi_sral_12</name>
         <value>0x1592c</value>
         <object_component_ref idref="oc-705"/>
      </symbol>
      <symbol id="sm-fae">
         <name>__mspabi_sral_11</name>
         <value>0x15930</value>
         <object_component_ref idref="oc-705"/>
      </symbol>
      <symbol id="sm-faf">
         <name>__mspabi_sral_10</name>
         <value>0x15934</value>
         <object_component_ref idref="oc-705"/>
      </symbol>
      <symbol id="sm-fb0">
         <name>__mspabi_sral_8</name>
         <value>0x1593c</value>
         <object_component_ref idref="oc-705"/>
      </symbol>
      <symbol id="sm-fb1">
         <name>__mspabi_sral_9</name>
         <value>0x15938</value>
         <object_component_ref idref="oc-705"/>
      </symbol>
      <symbol id="sm-fb2">
         <name>__mspabi_sral_6</name>
         <value>0x15944</value>
         <object_component_ref idref="oc-705"/>
      </symbol>
      <symbol id="sm-fb3">
         <name>__mspabi_sral_7</name>
         <value>0x15940</value>
         <object_component_ref idref="oc-705"/>
      </symbol>
      <symbol id="sm-fb4">
         <name>__mspabi_sral_4</name>
         <value>0x1594c</value>
         <object_component_ref idref="oc-705"/>
      </symbol>
      <symbol id="sm-fb5">
         <name>__mspabi_sral_5</name>
         <value>0x15948</value>
         <object_component_ref idref="oc-705"/>
      </symbol>
      <symbol id="sm-fb6">
         <name>__mspabi_sral_2</name>
         <value>0x15954</value>
         <object_component_ref idref="oc-705"/>
      </symbol>
      <symbol id="sm-fb7">
         <name>__mspabi_sral_3</name>
         <value>0x15950</value>
         <object_component_ref idref="oc-705"/>
      </symbol>
      <symbol id="sm-fb8">
         <name>__mspabi_sral_1</name>
         <value>0x15958</value>
         <object_component_ref idref="oc-705"/>
      </symbol>
      <symbol id="sm-fc8">
         <name>__mspabi_srll_8</name>
         <value>0x159b8</value>
         <object_component_ref idref="oc-6f0"/>
      </symbol>
      <symbol id="sm-fc9">
         <name>__mspabi_srll_9</name>
         <value>0x159b4</value>
         <object_component_ref idref="oc-6f0"/>
      </symbol>
      <symbol id="sm-fca">
         <name>__mspabi_srll_6</name>
         <value>0x159c0</value>
         <object_component_ref idref="oc-6f0"/>
      </symbol>
      <symbol id="sm-fcb">
         <name>__mspabi_srll_7</name>
         <value>0x159bc</value>
         <object_component_ref idref="oc-6f0"/>
      </symbol>
      <symbol id="sm-fcc">
         <name>__mspabi_srll_4</name>
         <value>0x159c8</value>
         <object_component_ref idref="oc-6f0"/>
      </symbol>
      <symbol id="sm-fcd">
         <name>__mspabi_srll_5</name>
         <value>0x159c4</value>
         <object_component_ref idref="oc-6f0"/>
      </symbol>
      <symbol id="sm-fce">
         <name>__mspabi_srll_2</name>
         <value>0x159d0</value>
         <object_component_ref idref="oc-6f0"/>
      </symbol>
      <symbol id="sm-fcf">
         <name>__mspabi_srll_3</name>
         <value>0x159cc</value>
         <object_component_ref idref="oc-6f0"/>
      </symbol>
      <symbol id="sm-fd0">
         <name>__mspabi_srll_1</name>
         <value>0x159d4</value>
         <object_component_ref idref="oc-6f0"/>
      </symbol>
      <symbol id="sm-fd1">
         <name>__mspabi_srll_15</name>
         <value>0x1599c</value>
         <object_component_ref idref="oc-6f0"/>
      </symbol>
      <symbol id="sm-fd2">
         <name>__mspabi_srll_14</name>
         <value>0x159a0</value>
         <object_component_ref idref="oc-6f0"/>
      </symbol>
      <symbol id="sm-fd3">
         <name>__mspabi_srll_13</name>
         <value>0x159a4</value>
         <object_component_ref idref="oc-6f0"/>
      </symbol>
      <symbol id="sm-fd4">
         <name>__mspabi_srll_12</name>
         <value>0x159a8</value>
         <object_component_ref idref="oc-6f0"/>
      </symbol>
      <symbol id="sm-fd5">
         <name>__mspabi_srll_11</name>
         <value>0x159ac</value>
         <object_component_ref idref="oc-6f0"/>
      </symbol>
      <symbol id="sm-fd6">
         <name>__mspabi_srll_10</name>
         <value>0x159b0</value>
         <object_component_ref idref="oc-6f0"/>
      </symbol>
      <symbol id="sm-fd7">
         <name>__mspabi_srll</name>
         <value>0x16144</value>
         <object_component_ref idref="oc-6d1"/>
      </symbol>
      <symbol id="sm-fe4">
         <name>__mspabi_srlll</name>
         <value>0x15ac6</value>
         <object_component_ref idref="oc-66d"/>
      </symbol>
      <symbol id="sm-fed">
         <name>__mspabi_subd</name>
         <value>0x15c7e</value>
         <object_component_ref idref="oc-688"/>
      </symbol>
      <symbol id="sm-100f">
         <name>__mspabi_addd</name>
         <value>0x10e48</value>
         <object_component_ref idref="oc-6f7"/>
      </symbol>
      <symbol id="sm-1030">
         <name>__TI_frcaddd</name>
         <value>0x11880</value>
         <object_component_ref idref="oc-73f"/>
      </symbol>
      <symbol id="sm-1044">
         <name>__TI_renormd</name>
         <value>0x145a6</value>
         <object_component_ref idref="oc-76e"/>
      </symbol>
      <symbol id="sm-1057">
         <name>atoi</name>
         <value>0x151e0</value>
         <object_component_ref idref="oc-511"/>
      </symbol>
      <symbol id="sm-1061">
         <name>_ctypes_</name>
         <value>0x8604</value>
         <object_component_ref idref="oc-5a2"/>
      </symbol>
      <symbol id="sm-10c7">
         <name>_sys_memory</name>
         <value>0x4400</value>
         <object_component_ref idref="oc-e3"/>
      </symbol>
      <symbol id="sm-10c8">
         <name>free</name>
         <value>0x14bd2</value>
         <object_component_ref idref="oc-3b1"/>
      </symbol>
      <symbol id="sm-10c9">
         <name>realloc</name>
         <value>0x1366c</value>
         <object_component_ref idref="oc-451"/>
      </symbol>
      <symbol id="sm-10ca">
         <name>malloc</name>
         <value>0x14438</value>
         <object_component_ref idref="oc-368"/>
      </symbol>
      <symbol id="sm-10cb">
         <name>minit</name>
         <value>0x15820</value>
         <object_component_ref idref="oc-45b"/>
      </symbol>
      <symbol id="sm-10d7">
         <name>frexp</name>
         <value>0x157de</value>
         <object_component_ref idref="oc-651"/>
      </symbol>
      <symbol id="sm-10e9">
         <name>_Dunscale</name>
         <value>0x14f5e</value>
         <object_component_ref idref="oc-6af"/>
      </symbol>
      <symbol id="sm-10fc">
         <name>_Dnorm</name>
         <value>0x13bea</value>
         <object_component_ref idref="oc-712"/>
      </symbol>
      <symbol id="sm-110c">
         <name>ldexp</name>
         <value>0x14d6e</value>
         <object_component_ref idref="oc-6b7"/>
      </symbol>
      <symbol id="sm-1130">
         <name>_Dscale</name>
         <value>0x12a86</value>
         <object_component_ref idref="oc-71c"/>
      </symbol>
      <symbol id="sm-113c">
         <name>_Feraise</name>
         <value>0x15ba8</value>
         <object_component_ref idref="oc-722"/>
      </symbol>
      <symbol id="sm-1143">
         <name>_Errno</name>
         <value>0x72ca</value>
         <object_component_ref idref="oc-75c"/>
      </symbol>
      <symbol id="sm-114a">
         <name>_Rteps</name>
         <value>0x7278</value>
         <object_component_ref idref="oc-751"/>
      </symbol>
      <symbol id="sm-114b">
         <name>_Zero</name>
         <value>0x7290</value>
         <object_component_ref idref="oc-751"/>
      </symbol>
      <symbol id="sm-114c">
         <name>_Hugeval</name>
         <value>0x7238</value>
         <object_component_ref idref="oc-751"/>
      </symbol>
      <symbol id="sm-114d">
         <name>_Snan</name>
         <value>0x7268</value>
         <object_component_ref idref="oc-751"/>
      </symbol>
      <symbol id="sm-114e">
         <name>_Nan</name>
         <value>0x7258</value>
         <object_component_ref idref="oc-751"/>
      </symbol>
      <symbol id="sm-114f">
         <name>_Inf</name>
         <value>0x7248</value>
         <object_component_ref idref="oc-751"/>
      </symbol>
      <symbol id="sm-1150">
         <name>_Xbig</name>
         <value>0x7288</value>
         <object_component_ref idref="oc-751"/>
      </symbol>
      <symbol id="sm-1151">
         <name>_Eps</name>
         <value>0x7228</value>
         <object_component_ref idref="oc-751"/>
      </symbol>
      <symbol id="sm-1152">
         <name>_Denorm</name>
         <value>0x7218</value>
         <object_component_ref idref="oc-751"/>
      </symbol>
      <symbol id="sm-116a">
         <name>feraiseexcept</name>
         <value>0x15c4a</value>
         <object_component_ref idref="oc-756"/>
      </symbol>
      <symbol id="sm-116b">
         <name>_Tls_setup__Fenv</name>
         <value>0x72b4</value>
         <object_component_ref idref="oc-783"/>
      </symbol>
      <symbol id="sm-116c">
         <name>_Fenv</name>
         <value>0x72b0</value>
         <object_component_ref idref="oc-783"/>
      </symbol>
      <symbol id="sm-117b">
         <name>ltoa</name>
         <value>0x14df4</value>
         <object_component_ref idref="oc-67c"/>
      </symbol>
      <symbol id="sm-1185">
         <name>abs</name>
         <value>0x161ae</value>
         <object_component_ref idref="oc-6e3"/>
      </symbol>
      <symbol id="sm-1194">
         <name>memccpy</name>
         <value>0x16002</value>
         <object_component_ref idref="oc-525"/>
      </symbol>
      <symbol id="sm-11a2">
         <name>memcpy</name>
         <value>0x160ec</value>
         <object_component_ref idref="oc-e6"/>
      </symbol>
      <symbol id="sm-11b0">
         <name>memset</name>
         <value>0x1606e</value>
         <object_component_ref idref="oc-2b8"/>
      </symbol>
      <symbol id="sm-11ce">
         <name>printf</name>
         <value>0x155fa</value>
         <object_component_ref idref="oc-572"/>
      </symbol>
      <symbol id="sm-11e2">
         <name>raise</name>
         <value>0x15cb0</value>
         <object_component_ref idref="oc-786"/>
      </symbol>
      <symbol id="sm-11f7">
         <name>signal</name>
         <value>0x15b70</value>
         <object_component_ref idref="oc-79f"/>
      </symbol>
      <symbol id="sm-121e">
         <name>snprintf</name>
         <value>0x15242</value>
         <object_component_ref idref="oc-2a4"/>
      </symbol>
      <symbol id="sm-123a">
         <name>sprintf</name>
         <value>0x15758</value>
         <object_component_ref idref="oc-2be"/>
      </symbol>
      <symbol id="sm-1249">
         <name>strchr</name>
         <value>0x16020</value>
         <object_component_ref idref="oc-72a"/>
      </symbol>
      <symbol id="sm-1256">
         <name>strlen</name>
         <value>0x16154</value>
         <object_component_ref idref="oc-2d0"/>
      </symbol>
      <symbol id="sm-1266">
         <name>strncat</name>
         <value>0x15d70</value>
         <object_component_ref idref="oc-2c4"/>
      </symbol>
      <symbol id="sm-1273">
         <name>toupper</name>
         <value>0x16112</value>
         <object_component_ref idref="oc-5b4"/>
      </symbol>
      <symbol id="sm-129a">
         <name>vsnprintf</name>
         <value>0x15464</value>
         <object_component_ref idref="oc-29a"/>
      </symbol>
      <symbol id="sm-129f">
         <name>__TI_INITARRAY_Base</name>
         <value>0x0</value>
      </symbol>
      <symbol id="sm-12a0">
         <name>__TI_INITARRAY_Limit</name>
         <value>0x0</value>
      </symbol>
      <symbol id="sm-12a1">
         <name>owRelease</name>
         <value>0x160b0</value>
      </symbol>
   </symbol_table>
   <title>Link successful</title>
</link_info>
